{"time":"2024-06-07T22:23:00.873005+05:00","level":"INFO","msg":"starting url-shortener","env":"prod","version":"123"}
{"time":"2024-06-07T22:23:00.886891+05:00","level":"INFO","msg":"logger middleware enabled","component":"middleware/logger"}
{"time":"2024-06-07T22:23:00.886891+05:00","level":"INFO","msg":"starting server","address":"0.0.0.0:8082"}
{"time":"2024-06-07T22:23:00.886891+05:00","level":"INFO","msg":"server started"}
{"time":"2024-06-07T22:23:18.5130148+05:00","level":"INFO","msg":"url not found","op":"handlers.url.redirect.New","request_id":"LAPTOP-TN2607IT/oFXwmM7Ri6-000001","alias":"metrics"}
{"time":"2024-06-07T22:23:18.5130148+05:00","level":"INFO","msg":"request completed","component":"middleware/logger","method":"GET","path":"/metrics","remote_addr":"127.0.0.1:64609","user_agent":"Mozilla/5.0 (Windows NT 10.0; Win64; x64; rv:126.0) Gecko/20100101 Firefox/126.0","request_id":"LAPTOP-TN2607IT/oFXwmM7Ri6-000001","status":200,"bytes":39,"duration":"887.9µs"}
{"time":"2024-06-07T22:23:18.6054577+05:00","level":"INFO","msg":"url not found","op":"handlers.url.redirect.New","request_id":"LAPTOP-TN2607IT/oFXwmM7Ri6-000002","alias":"favicon"}
{"time":"2024-06-07T22:23:18.6059664+05:00","level":"INFO","msg":"request completed","component":"middleware/logger","method":"GET","path":"/favicon.ico","remote_addr":"127.0.0.1:64609","user_agent":"Mozilla/5.0 (Windows NT 10.0; Win64; x64; rv:126.0) Gecko/20100101 Firefox/126.0","request_id":"LAPTOP-TN2607IT/oFXwmM7Ri6-000002","status":200,"bytes":39,"duration":"508.7µs"}
{"time":"2024-06-07T22:23:53.7160868+05:00","level":"INFO","msg":"stopping server"}
{"time":"2024-06-07T22:23:53.7160868+05:00","level":"ERROR","msg":"failed to start server"}
{"time":"2024-06-07T22:23:53.7160868+05:00","level":"INFO","msg":"server stopped"}
{"time":"2024-06-07T22:24:01.3375485+05:00","level":"INFO","msg":"starting url-shortener","env":"prod","version":"123"}
{"time":"2024-06-07T22:24:01.3514354+05:00","level":"INFO","msg":"logger middleware enabled","component":"middleware/logger"}
{"time":"2024-06-07T22:24:01.3514354+05:00","level":"INFO","msg":"starting server","address":"0.0.0.0:8082"}
{"time":"2024-06-07T22:24:01.3514354+05:00","level":"INFO","msg":"server started"}
{"time":"2024-06-07T22:24:09.9288947+05:00","level":"INFO","msg":"request completed","component":"middleware/logger","method":"GET","path":"/url/metrics","remote_addr":"127.0.0.1:64702","user_agent":"Mozilla/5.0 (Windows NT 10.0; Win64; x64; rv:126.0) Gecko/20100101 Firefox/126.0","request_id":"LAPTOP-TN2607IT/BEI1fitMZG-000001","status":401,"bytes":0,"duration":"0s"}
{"time":"2024-06-07T22:24:24.8566221+05:00","level":"INFO","msg":"request completed","component":"middleware/logger","method":"GET","path":"/url/metrics","remote_addr":"127.0.0.1:64702","user_agent":"Mozilla/5.0 (Windows NT 10.0; Win64; x64; rv:126.0) Gecko/20100101 Firefox/126.0","request_id":"LAPTOP-TN2607IT/BEI1fitMZG-000002","status":200,"bytes":1329,"duration":"2.4725ms"}
{"time":"2024-06-07T22:25:21.4740674+05:00","level":"INFO","msg":"stopping server"}
{"time":"2024-06-07T22:25:21.4740674+05:00","level":"ERROR","msg":"failed to start server"}
{"time":"2024-06-07T22:25:21.4740674+05:00","level":"INFO","msg":"server stopped"}
{"time":"2024-06-07T22:31:12.0913435+05:00","level":"INFO","msg":"starting url-shortener","env":"prod","version":"123"}
{"time":"2024-06-07T22:31:12.106487+05:00","level":"INFO","msg":"logger middleware enabled","component":"middleware/logger"}
{"time":"2024-06-07T22:31:12.106487+05:00","level":"INFO","msg":"starting server","address":"0.0.0.0:8082"}
{"time":"2024-06-07T22:31:12.106487+05:00","level":"INFO","msg":"server started"}
{"time":"2024-06-07T22:38:14.3625698+05:00","level":"INFO","msg":"stopping server"}
{"time":"2024-06-07T22:38:14.3631053+05:00","level":"ERROR","msg":"failed to start server"}
{"time":"2024-06-07T22:38:14.3631053+05:00","level":"INFO","msg":"server stopped"}
{"time":"2024-06-07T22:38:56.8111681+05:00","level":"INFO","msg":"starting url-shortener","env":"prod","version":"123"}
{"time":"2024-06-07T22:38:56.8281582+05:00","level":"INFO","msg":"logger middleware enabled","component":"middleware/logger"}
{"time":"2024-06-07T22:38:56.8281582+05:00","level":"INFO","msg":"starting server","address":"0.0.0.0:8082"}
{"time":"2024-06-07T22:38:56.8281582+05:00","level":"INFO","msg":"server started"}
{"time":"2024-06-07T22:42:06.426514+05:00","level":"INFO","msg":"got url","op":"handlers.url.redirect.New","request_id":"LAPTOP-TN2607IT/E0zMM0IyHH-000001","url":"https://aistudio.google.com/app/prompts/new_chat"}
{"time":"2024-06-07T22:42:06.426514+05:00","level":"INFO","msg":"request completed","component":"middleware/logger","method":"GET","path":"/test","remote_addr":"[::1]:51206","user_agent":"PostmanRuntime/7.39.0","request_id":"LAPTOP-TN2607IT/E0zMM0IyHH-000001","status":302,"bytes":71,"duration":"173.9µs"}
{"time":"2024-06-07T22:43:35.6831228+05:00","level":"INFO","msg":"stopping server"}
{"time":"2024-06-07T22:43:35.6831228+05:00","level":"ERROR","msg":"failed to start server"}
{"time":"2024-06-07T22:43:35.6831228+05:00","level":"INFO","msg":"server stopped"}
{"time":"2024-06-07T22:43:42.2750132+05:00","level":"INFO","msg":"starting url-shortener","env":"prod","version":"123"}
{"time":"2024-06-07T22:43:42.2906611+05:00","level":"INFO","msg":"logger middleware enabled","component":"middleware/logger"}
{"time":"2024-06-07T22:43:42.2906611+05:00","level":"INFO","msg":"starting server","address":"0.0.0.0:8082"}
{"time":"2024-06-07T22:43:42.2906611+05:00","level":"INFO","msg":"server started"}
{"time":"2024-06-07T22:48:48.8093404+05:00","level":"INFO","msg":"stopping server"}
{"time":"2024-06-07T22:48:48.8101548+05:00","level":"ERROR","msg":"failed to start server"}
{"time":"2024-06-07T22:48:48.8101548+05:00","level":"INFO","msg":"server stopped"}
{"time":"2024-06-07T23:08:11.2590653+05:00","level":"INFO","msg":"starting url-shortener","env":"prod","version":"123"}
{"time":"2024-06-07T23:08:11.2770124+05:00","level":"INFO","msg":"logger middleware enabled","component":"middleware/logger"}
{"time":"2024-06-07T23:08:11.2770124+05:00","level":"INFO","msg":"starting server","address":"0.0.0.0:8082"}
{"time":"2024-06-07T23:08:11.2770124+05:00","level":"INFO","msg":"server started"}
{"time":"2024-06-07T23:11:36.055112+05:00","level":"WARNING","msg":"request completed","component":"middleware/logger","method":"GET","path":"/url/metrics","remote_addr":"127.0.0.1:55431","user_agent":"Mozilla/5.0 (Windows NT 10.0; Win64; x64; rv:126.0) Gecko/20100101 Firefox/126.0","request_id":"LAPTOP-TN2607IT/oTPdxJDPE8-000001","status":200,"bytes":1462,"duration":"1.5068ms"}
{"time":"2024-06-07T23:14:19.4075118+05:00","level":"INFO","msg":"request completed","component":"middleware/logger","method":"GET","path":"/url/metrics","remote_addr":"127.0.0.1:55790","user_agent":"Mozilla/5.0 (Windows NT 10.0; Win64; x64; rv:126.0) Gecko/20100101 Firefox/126.0","request_id":"LAPTOP-TN2607IT/oTPdxJDPE8-000002","status":200,"bytes":1467,"duration":"1.5634ms"}
{"time":"2024-06-07T23:32:35.0958024+05:00","level":"INFO","msg":"request completed","component":"middleware/logger","method":"GET","path":"/url/metrics","remote_addr":"[::1]:58002","user_agent":"Prometheus/2.51.1","request_id":"LAPTOP-TN2607IT/oTPdxJDPE8-000003","status":200,"bytes":1481,"duration":"1.0713ms"}
{"time":"2024-06-07T23:32:40.0853261+05:00","level":"INFO","msg":"request completed","component":"middleware/logger","method":"GET","path":"/url/metrics","remote_addr":"[::1]:58002","user_agent":"Prometheus/2.51.1","request_id":"LAPTOP-TN2607IT/oTPdxJDPE8-000004","status":200,"bytes":1481,"duration":"0s"}
{"time":"2024-06-07T23:32:45.0814214+05:00","level":"WARNING","msg":"request completed","component":"middleware/logger","method":"GET","path":"/url/metrics","remote_addr":"[::1]:58002","user_agent":"Prometheus/2.51.1","request_id":"LAPTOP-TN2607IT/oTPdxJDPE8-000005","status":200,"bytes":1483,"duration":"2.5053ms"}
{"time":"2024-06-07T23:32:50.0763174+05:00","level":"INFO","msg":"request completed","component":"middleware/logger","method":"GET","path":"/url/metrics","remote_addr":"[::1]:58002","user_agent":"Prometheus/2.51.1","request_id":"LAPTOP-TN2607IT/oTPdxJDPE8-000006","status":200,"bytes":1480,"duration":"1.036ms"}
{"time":"2024-06-07T23:32:55.0904637+05:00","level":"INFO","msg":"request completed","component":"middleware/logger","method":"GET","path":"/url/metrics","remote_addr":"[::1]:58002","user_agent":"Prometheus/2.51.1","request_id":"LAPTOP-TN2607IT/oTPdxJDPE8-000007","status":200,"bytes":1477,"duration":"1.296ms"}
{"time":"2024-06-07T23:33:00.0790797+05:00","level":"INFO","msg":"request completed","component":"middleware/logger","method":"GET","path":"/url/metrics","remote_addr":"[::1]:58002","user_agent":"Prometheus/2.51.1","request_id":"LAPTOP-TN2607IT/oTPdxJDPE8-000008","status":200,"bytes":1476,"duration":"1.5921ms"}
{"time":"2024-06-07T23:33:05.0838829+05:00","level":"INFO","msg":"request completed","component":"middleware/logger","method":"GET","path":"/url/metrics","remote_addr":"[::1]:58002","user_agent":"Prometheus/2.51.1","request_id":"LAPTOP-TN2607IT/oTPdxJDPE8-000009","status":200,"bytes":1485,"duration":"93.1µs"}
{"time":"2024-06-07T23:33:10.0848713+05:00","level":"INFO","msg":"request completed","component":"middleware/logger","method":"GET","path":"/url/metrics","remote_addr":"[::1]:58002","user_agent":"Prometheus/2.51.1","request_id":"LAPTOP-TN2607IT/oTPdxJDPE8-000010","status":200,"bytes":1484,"duration":"507.7µs"}
{"time":"2024-06-07T23:33:15.0916615+05:00","level":"INFO","msg":"request completed","component":"middleware/logger","method":"GET","path":"/url/metrics","remote_addr":"[::1]:58002","user_agent":"Prometheus/2.51.1","request_id":"LAPTOP-TN2607IT/oTPdxJDPE8-000011","status":200,"bytes":1488,"duration":"594µs"}
{"time":"2024-06-07T23:33:20.0924655+05:00","level":"INFO","msg":"request completed","component":"middleware/logger","method":"GET","path":"/url/metrics","remote_addr":"[::1]:58002","user_agent":"Prometheus/2.51.1","request_id":"LAPTOP-TN2607IT/oTPdxJDPE8-000012","status":200,"bytes":1485,"duration":"2.6184ms"}
{"time":"2024-06-07T23:33:25.0754706+05:00","level":"INFO","msg":"request completed","component":"middleware/logger","method":"GET","path":"/url/metrics","remote_addr":"[::1]:58002","user_agent":"Prometheus/2.51.1","request_id":"LAPTOP-TN2607IT/oTPdxJDPE8-000013","status":200,"bytes":1480,"duration":"0s"}
{"time":"2024-06-07T23:33:30.0842718+05:00","level":"INFO","msg":"request completed","component":"middleware/logger","method":"GET","path":"/url/metrics","remote_addr":"[::1]:58002","user_agent":"Prometheus/2.51.1","request_id":"LAPTOP-TN2607IT/oTPdxJDPE8-000014","status":200,"bytes":1484,"duration":"506.4µs"}
{"time":"2024-06-07T23:33:35.0820666+05:00","level":"INFO","msg":"request completed","component":"middleware/logger","method":"GET","path":"/url/metrics","remote_addr":"[::1]:58002","user_agent":"Prometheus/2.51.1","request_id":"LAPTOP-TN2607IT/oTPdxJDPE8-000015","status":200,"bytes":1480,"duration":"1.2553ms"}
{"time":"2024-06-07T23:33:40.085109+05:00","level":"INFO","msg":"request completed","component":"middleware/logger","method":"GET","path":"/url/metrics","remote_addr":"[::1]:58002","user_agent":"Prometheus/2.51.1","request_id":"LAPTOP-TN2607IT/oTPdxJDPE8-000016","status":200,"bytes":1479,"duration":"920µs"}
{"time":"2024-06-07T23:33:45.0875452+05:00","level":"INFO","msg":"request completed","component":"middleware/logger","method":"GET","path":"/url/metrics","remote_addr":"[::1]:58002","user_agent":"Prometheus/2.51.1","request_id":"LAPTOP-TN2607IT/oTPdxJDPE8-000017","status":200,"bytes":1477,"duration":"639.6µs"}
{"time":"2024-06-07T23:33:50.0807693+05:00","level":"INFO","msg":"request completed","component":"middleware/logger","method":"GET","path":"/url/metrics","remote_addr":"[::1]:58002","user_agent":"Prometheus/2.51.1","request_id":"LAPTOP-TN2607IT/oTPdxJDPE8-000018","status":200,"bytes":1484,"duration":"750.3µs"}
{"time":"2024-06-07T23:33:55.0828497+05:00","level":"INFO","msg":"request completed","component":"middleware/logger","method":"GET","path":"/url/metrics","remote_addr":"[::1]:58002","user_agent":"Prometheus/2.51.1","request_id":"LAPTOP-TN2607IT/oTPdxJDPE8-000019","status":200,"bytes":1482,"duration":"506.8µs"}
{"time":"2024-06-07T23:34:00.0858127+05:00","level":"INFO","msg":"request completed","component":"middleware/logger","method":"GET","path":"/url/metrics","remote_addr":"[::1]:58002","user_agent":"Prometheus/2.51.1","request_id":"LAPTOP-TN2607IT/oTPdxJDPE8-000020","status":200,"bytes":1487,"duration":"507.8µs"}
{"time":"2024-06-07T23:34:05.0877253+05:00","level":"INFO","msg":"request completed","component":"middleware/logger","method":"GET","path":"/url/metrics","remote_addr":"[::1]:58002","user_agent":"Prometheus/2.51.1","request_id":"LAPTOP-TN2607IT/oTPdxJDPE8-000021","status":200,"bytes":1481,"duration":"510.5µs"}
{"time":"2024-06-07T23:34:10.0766765+05:00","level":"INFO","msg":"request completed","component":"middleware/logger","method":"GET","path":"/url/metrics","remote_addr":"[::1]:58002","user_agent":"Prometheus/2.51.1","request_id":"LAPTOP-TN2607IT/oTPdxJDPE8-000022","status":200,"bytes":1485,"duration":"507µs"}
{"time":"2024-06-07T23:34:15.0883055+05:00","level":"INFO","msg":"request completed","component":"middleware/logger","method":"GET","path":"/url/metrics","remote_addr":"[::1]:58002","user_agent":"Prometheus/2.51.1","request_id":"LAPTOP-TN2607IT/oTPdxJDPE8-000023","status":200,"bytes":1484,"duration":"179.7µs"}
{"time":"2024-06-07T23:34:20.0760133+05:00","level":"INFO","msg":"request completed","component":"middleware/logger","method":"GET","path":"/url/metrics","remote_addr":"[::1]:58002","user_agent":"Prometheus/2.51.1","request_id":"LAPTOP-TN2607IT/oTPdxJDPE8-000024","status":200,"bytes":1484,"duration":"508µs"}
{"time":"2024-06-07T23:34:25.0894609+05:00","level":"INFO","msg":"request completed","component":"middleware/logger","method":"GET","path":"/url/metrics","remote_addr":"[::1]:58002","user_agent":"Prometheus/2.51.1","request_id":"LAPTOP-TN2607IT/oTPdxJDPE8-000025","status":200,"bytes":1482,"duration":"507.1µs"}
{"time":"2024-06-07T23:34:30.0878646+05:00","level":"INFO","msg":"request completed","component":"middleware/logger","method":"GET","path":"/url/metrics","remote_addr":"[::1]:58002","user_agent":"Prometheus/2.51.1","request_id":"LAPTOP-TN2607IT/oTPdxJDPE8-000026","status":200,"bytes":1486,"duration":"509.1µs"}
{"time":"2024-06-07T23:34:35.0880422+05:00","level":"INFO","msg":"request completed","component":"middleware/logger","method":"GET","path":"/url/metrics","remote_addr":"[::1]:58002","user_agent":"Prometheus/2.51.1","request_id":"LAPTOP-TN2607IT/oTPdxJDPE8-000027","status":200,"bytes":1484,"duration":"7.0004ms"}
{"time":"2024-06-07T23:34:40.0822011+05:00","level":"INFO","msg":"request completed","component":"middleware/logger","method":"GET","path":"/url/metrics","remote_addr":"[::1]:58002","user_agent":"Prometheus/2.51.1","request_id":"LAPTOP-TN2607IT/oTPdxJDPE8-000028","status":200,"bytes":1491,"duration":"1.8822ms"}
{"time":"2024-06-07T23:34:45.0866212+05:00","level":"INFO","msg":"request completed","component":"middleware/logger","method":"GET","path":"/url/metrics","remote_addr":"[::1]:58002","user_agent":"Prometheus/2.51.1","request_id":"LAPTOP-TN2607IT/oTPdxJDPE8-000029","status":200,"bytes":1486,"duration":"1.055ms"}
{"time":"2024-06-07T23:34:50.0896688+05:00","level":"INFO","msg":"request completed","component":"middleware/logger","method":"GET","path":"/url/metrics","remote_addr":"[::1]:58002","user_agent":"Prometheus/2.51.1","request_id":"LAPTOP-TN2607IT/oTPdxJDPE8-000030","status":200,"bytes":1480,"duration":"507.7µs"}
{"time":"2024-06-07T23:34:55.0901297+05:00","level":"INFO","msg":"request completed","component":"middleware/logger","method":"GET","path":"/url/metrics","remote_addr":"[::1]:58002","user_agent":"Prometheus/2.51.1","request_id":"LAPTOP-TN2607IT/oTPdxJDPE8-000031","status":200,"bytes":1490,"duration":"507.4µs"}
{"time":"2024-06-07T23:35:00.0885444+05:00","level":"INFO","msg":"request completed","component":"middleware/logger","method":"GET","path":"/url/metrics","remote_addr":"[::1]:58002","user_agent":"Prometheus/2.51.1","request_id":"LAPTOP-TN2607IT/oTPdxJDPE8-000032","status":200,"bytes":1486,"duration":"504.5µs"}
{"time":"2024-06-07T23:35:05.0841827+05:00","level":"INFO","msg":"request completed","component":"middleware/logger","method":"GET","path":"/url/metrics","remote_addr":"[::1]:58002","user_agent":"Prometheus/2.51.1","request_id":"LAPTOP-TN2607IT/oTPdxJDPE8-000033","status":200,"bytes":1488,"duration":"507.6µs"}
{"time":"2024-06-07T23:35:10.0809896+05:00","level":"INFO","msg":"request completed","component":"middleware/logger","method":"GET","path":"/url/metrics","remote_addr":"[::1]:58002","user_agent":"Prometheus/2.51.1","request_id":"LAPTOP-TN2607IT/oTPdxJDPE8-000034","status":200,"bytes":1487,"duration":"783.3µs"}
{"time":"2024-06-07T23:35:15.0845605+05:00","level":"INFO","msg":"request completed","component":"middleware/logger","method":"GET","path":"/url/metrics","remote_addr":"[::1]:58002","user_agent":"Prometheus/2.51.1","request_id":"LAPTOP-TN2607IT/oTPdxJDPE8-000035","status":200,"bytes":1481,"duration":"505.6µs"}
{"time":"2024-06-07T23:35:20.0774178+05:00","level":"INFO","msg":"request completed","component":"middleware/logger","method":"GET","path":"/url/metrics","remote_addr":"[::1]:58002","user_agent":"Prometheus/2.51.1","request_id":"LAPTOP-TN2607IT/oTPdxJDPE8-000036","status":200,"bytes":1488,"duration":"503.7µs"}
{"time":"2024-06-07T23:35:25.0810997+05:00","level":"INFO","msg":"request completed","component":"middleware/logger","method":"GET","path":"/url/metrics","remote_addr":"[::1]:58002","user_agent":"Prometheus/2.51.1","request_id":"LAPTOP-TN2607IT/oTPdxJDPE8-000037","status":200,"bytes":1487,"duration":"1.1015ms"}
{"time":"2024-06-07T23:35:30.0880186+05:00","level":"INFO","msg":"request completed","component":"middleware/logger","method":"GET","path":"/url/metrics","remote_addr":"[::1]:58002","user_agent":"Prometheus/2.51.1","request_id":"LAPTOP-TN2607IT/oTPdxJDPE8-000038","status":200,"bytes":1487,"duration":"776.2µs"}
{"time":"2024-06-07T23:35:35.086234+05:00","level":"INFO","msg":"request completed","component":"middleware/logger","method":"GET","path":"/url/metrics","remote_addr":"[::1]:58002","user_agent":"Prometheus/2.51.1","request_id":"LAPTOP-TN2607IT/oTPdxJDPE8-000039","status":200,"bytes":1488,"duration":"1.0573ms"}
{"time":"2024-06-07T23:35:40.089939+05:00","level":"INFO","msg":"request completed","component":"middleware/logger","method":"GET","path":"/url/metrics","remote_addr":"[::1]:58002","user_agent":"Prometheus/2.51.1","request_id":"LAPTOP-TN2607IT/oTPdxJDPE8-000040","status":200,"bytes":1489,"duration":"508.2µs"}
{"time":"2024-06-07T23:35:45.0818202+05:00","level":"INFO","msg":"request completed","component":"middleware/logger","method":"GET","path":"/url/metrics","remote_addr":"[::1]:58002","user_agent":"Prometheus/2.51.1","request_id":"LAPTOP-TN2607IT/oTPdxJDPE8-000041","status":200,"bytes":1487,"duration":"552.9µs"}
{"time":"2024-06-07T23:35:50.0824262+05:00","level":"INFO","msg":"request completed","component":"middleware/logger","method":"GET","path":"/url/metrics","remote_addr":"[::1]:58002","user_agent":"Prometheus/2.51.1","request_id":"LAPTOP-TN2607IT/oTPdxJDPE8-000042","status":200,"bytes":1488,"duration":"528.9µs"}
{"time":"2024-06-07T23:35:55.0804082+05:00","level":"INFO","msg":"request completed","component":"middleware/logger","method":"GET","path":"/url/metrics","remote_addr":"[::1]:58002","user_agent":"Prometheus/2.51.1","request_id":"LAPTOP-TN2607IT/oTPdxJDPE8-000043","status":200,"bytes":1488,"duration":"509.2µs"}
{"time":"2024-06-07T23:36:00.0782392+05:00","level":"INFO","msg":"request completed","component":"middleware/logger","method":"GET","path":"/url/metrics","remote_addr":"[::1]:58002","user_agent":"Prometheus/2.51.1","request_id":"LAPTOP-TN2607IT/oTPdxJDPE8-000044","status":200,"bytes":1484,"duration":"504µs"}
{"time":"2024-06-07T23:36:05.0820867+05:00","level":"INFO","msg":"request completed","component":"middleware/logger","method":"GET","path":"/url/metrics","remote_addr":"[::1]:58002","user_agent":"Prometheus/2.51.1","request_id":"LAPTOP-TN2607IT/oTPdxJDPE8-000045","status":200,"bytes":1486,"duration":"505.1µs"}
{"time":"2024-06-07T23:36:10.0827791+05:00","level":"INFO","msg":"request completed","component":"middleware/logger","method":"GET","path":"/url/metrics","remote_addr":"[::1]:58002","user_agent":"Prometheus/2.51.1","request_id":"LAPTOP-TN2607IT/oTPdxJDPE8-000046","status":200,"bytes":1488,"duration":"1.0114ms"}
{"time":"2024-06-07T23:36:15.089357+05:00","level":"INFO","msg":"request completed","component":"middleware/logger","method":"GET","path":"/url/metrics","remote_addr":"[::1]:58002","user_agent":"Prometheus/2.51.1","request_id":"LAPTOP-TN2607IT/oTPdxJDPE8-000047","status":200,"bytes":1489,"duration":"508µs"}
{"time":"2024-06-07T23:36:20.0830371+05:00","level":"INFO","msg":"request completed","component":"middleware/logger","method":"GET","path":"/url/metrics","remote_addr":"[::1]:58002","user_agent":"Prometheus/2.51.1","request_id":"LAPTOP-TN2607IT/oTPdxJDPE8-000048","status":200,"bytes":1484,"duration":"554.5µs"}
{"time":"2024-06-07T23:36:25.0769056+05:00","level":"INFO","msg":"request completed","component":"middleware/logger","method":"GET","path":"/url/metrics","remote_addr":"[::1]:58002","user_agent":"Prometheus/2.51.1","request_id":"LAPTOP-TN2607IT/oTPdxJDPE8-000049","status":200,"bytes":1489,"duration":"1.1644ms"}
{"time":"2024-06-07T23:36:30.0813112+05:00","level":"INFO","msg":"request completed","component":"middleware/logger","method":"GET","path":"/url/metrics","remote_addr":"[::1]:58002","user_agent":"Prometheus/2.51.1","request_id":"LAPTOP-TN2607IT/oTPdxJDPE8-000050","status":200,"bytes":1485,"duration":"505.9µs"}
{"time":"2024-06-07T23:36:35.0912052+05:00","level":"INFO","msg":"request completed","component":"middleware/logger","method":"GET","path":"/url/metrics","remote_addr":"[::1]:58002","user_agent":"Prometheus/2.51.1","request_id":"LAPTOP-TN2607IT/oTPdxJDPE8-000051","status":200,"bytes":1490,"duration":"860.8µs"}
{"time":"2024-06-07T23:36:40.0840558+05:00","level":"INFO","msg":"request completed","component":"middleware/logger","method":"GET","path":"/url/metrics","remote_addr":"[::1]:58002","user_agent":"Prometheus/2.51.1","request_id":"LAPTOP-TN2607IT/oTPdxJDPE8-000052","status":200,"bytes":1488,"duration":"1.7516ms"}
{"time":"2024-06-07T23:36:45.0766729+05:00","level":"INFO","msg":"request completed","component":"middleware/logger","method":"GET","path":"/url/metrics","remote_addr":"[::1]:58002","user_agent":"Prometheus/2.51.1","request_id":"LAPTOP-TN2607IT/oTPdxJDPE8-000053","status":200,"bytes":1488,"duration":"585.9µs"}
{"time":"2024-06-07T23:36:50.0770867+05:00","level":"INFO","msg":"request completed","component":"middleware/logger","method":"GET","path":"/url/metrics","remote_addr":"[::1]:58002","user_agent":"Prometheus/2.51.1","request_id":"LAPTOP-TN2607IT/oTPdxJDPE8-000054","status":200,"bytes":1485,"duration":"506.4µs"}
{"time":"2024-06-07T23:36:55.0838455+05:00","level":"INFO","msg":"request completed","component":"middleware/logger","method":"GET","path":"/url/metrics","remote_addr":"[::1]:58002","user_agent":"Prometheus/2.51.1","request_id":"LAPTOP-TN2607IT/oTPdxJDPE8-000055","status":200,"bytes":1481,"duration":"577.4µs"}
{"time":"2024-06-07T23:37:00.0794578+05:00","level":"INFO","msg":"request completed","component":"middleware/logger","method":"GET","path":"/url/metrics","remote_addr":"[::1]:58002","user_agent":"Prometheus/2.51.1","request_id":"LAPTOP-TN2607IT/oTPdxJDPE8-000056","status":200,"bytes":1483,"duration":"507.8µs"}
{"time":"2024-06-07T23:37:05.0797851+05:00","level":"INFO","msg":"request completed","component":"middleware/logger","method":"GET","path":"/url/metrics","remote_addr":"[::1]:58002","user_agent":"Prometheus/2.51.1","request_id":"LAPTOP-TN2607IT/oTPdxJDPE8-000057","status":200,"bytes":1485,"duration":"509.3µs"}
{"time":"2024-06-07T23:37:10.0910276+05:00","level":"INFO","msg":"request completed","component":"middleware/logger","method":"GET","path":"/url/metrics","remote_addr":"[::1]:58002","user_agent":"Prometheus/2.51.1","request_id":"LAPTOP-TN2607IT/oTPdxJDPE8-000058","status":200,"bytes":1485,"duration":"508.9µs"}
{"time":"2024-06-07T23:37:15.0790563+05:00","level":"INFO","msg":"request completed","component":"middleware/logger","method":"GET","path":"/url/metrics","remote_addr":"[::1]:58002","user_agent":"Prometheus/2.51.1","request_id":"LAPTOP-TN2607IT/oTPdxJDPE8-000059","status":200,"bytes":1491,"duration":"509.8µs"}
{"time":"2024-06-07T23:37:20.0820224+05:00","level":"INFO","msg":"request completed","component":"middleware/logger","method":"GET","path":"/url/metrics","remote_addr":"[::1]:58002","user_agent":"Prometheus/2.51.1","request_id":"LAPTOP-TN2607IT/oTPdxJDPE8-000060","status":200,"bytes":1488,"duration":"510.4µs"}
{"time":"2024-06-07T23:37:25.0860738+05:00","level":"INFO","msg":"request completed","component":"middleware/logger","method":"GET","path":"/url/metrics","remote_addr":"[::1]:58002","user_agent":"Prometheus/2.51.1","request_id":"LAPTOP-TN2607IT/oTPdxJDPE8-000061","status":200,"bytes":1486,"duration":"1.0385ms"}
{"time":"2024-06-07T23:37:30.0839459+05:00","level":"INFO","msg":"request completed","component":"middleware/logger","method":"GET","path":"/url/metrics","remote_addr":"[::1]:58002","user_agent":"Prometheus/2.51.1","request_id":"LAPTOP-TN2607IT/oTPdxJDPE8-000062","status":200,"bytes":1484,"duration":"545.4µs"}
{"time":"2024-06-07T23:37:35.0875163+05:00","level":"INFO","msg":"request completed","component":"middleware/logger","method":"GET","path":"/url/metrics","remote_addr":"[::1]:58002","user_agent":"Prometheus/2.51.1","request_id":"LAPTOP-TN2607IT/oTPdxJDPE8-000063","status":200,"bytes":1483,"duration":"716.6µs"}
{"time":"2024-06-07T23:37:40.0884709+05:00","level":"INFO","msg":"request completed","component":"middleware/logger","method":"GET","path":"/url/metrics","remote_addr":"[::1]:58002","user_agent":"Prometheus/2.51.1","request_id":"LAPTOP-TN2607IT/oTPdxJDPE8-000064","status":200,"bytes":1485,"duration":"1.012ms"}
{"time":"2024-06-07T23:37:45.0863953+05:00","level":"INFO","msg":"request completed","component":"middleware/logger","method":"GET","path":"/url/metrics","remote_addr":"[::1]:58002","user_agent":"Prometheus/2.51.1","request_id":"LAPTOP-TN2607IT/oTPdxJDPE8-000065","status":200,"bytes":1481,"duration":"581.7µs"}
{"time":"2024-06-07T23:37:50.0903689+05:00","level":"INFO","msg":"request completed","component":"middleware/logger","method":"GET","path":"/url/metrics","remote_addr":"[::1]:58002","user_agent":"Prometheus/2.51.1","request_id":"LAPTOP-TN2607IT/oTPdxJDPE8-000066","status":200,"bytes":1484,"duration":"1.0486ms"}
{"time":"2024-06-07T23:37:55.0862043+05:00","level":"INFO","msg":"request completed","component":"middleware/logger","method":"GET","path":"/url/metrics","remote_addr":"[::1]:58002","user_agent":"Prometheus/2.51.1","request_id":"LAPTOP-TN2607IT/oTPdxJDPE8-000067","status":200,"bytes":1484,"duration":"1.0425ms"}
{"time":"2024-06-07T23:38:00.080716+05:00","level":"INFO","msg":"request completed","component":"middleware/logger","method":"GET","path":"/url/metrics","remote_addr":"[::1]:58002","user_agent":"Prometheus/2.51.1","request_id":"LAPTOP-TN2607IT/oTPdxJDPE8-000068","status":200,"bytes":1488,"duration":"1.0543ms"}
{"time":"2024-06-07T23:38:05.0870423+05:00","level":"INFO","msg":"request completed","component":"middleware/logger","method":"GET","path":"/url/metrics","remote_addr":"[::1]:58002","user_agent":"Prometheus/2.51.1","request_id":"LAPTOP-TN2607IT/oTPdxJDPE8-000069","status":200,"bytes":1491,"duration":"1.0009ms"}
{"time":"2024-06-07T23:38:10.086275+05:00","level":"INFO","msg":"request completed","component":"middleware/logger","method":"GET","path":"/url/metrics","remote_addr":"[::1]:58002","user_agent":"Prometheus/2.51.1","request_id":"LAPTOP-TN2607IT/oTPdxJDPE8-000070","status":200,"bytes":1492,"duration":"516.8µs"}
{"time":"2024-06-07T23:38:15.0774429+05:00","level":"INFO","msg":"request completed","component":"middleware/logger","method":"GET","path":"/url/metrics","remote_addr":"[::1]:58002","user_agent":"Prometheus/2.51.1","request_id":"LAPTOP-TN2607IT/oTPdxJDPE8-000071","status":200,"bytes":1488,"duration":"524µs"}
{"time":"2024-06-07T23:38:20.0800855+05:00","level":"INFO","msg":"request completed","component":"middleware/logger","method":"GET","path":"/url/metrics","remote_addr":"[::1]:58002","user_agent":"Prometheus/2.51.1","request_id":"LAPTOP-TN2607IT/oTPdxJDPE8-000072","status":200,"bytes":1489,"duration":"510.7µs"}
{"time":"2024-06-07T23:38:25.0847234+05:00","level":"INFO","msg":"request completed","component":"middleware/logger","method":"GET","path":"/url/metrics","remote_addr":"[::1]:58002","user_agent":"Prometheus/2.51.1","request_id":"LAPTOP-TN2607IT/oTPdxJDPE8-000073","status":200,"bytes":1491,"duration":"506µs"}
{"time":"2024-06-07T23:38:30.0901206+05:00","level":"INFO","msg":"request completed","component":"middleware/logger","method":"GET","path":"/url/metrics","remote_addr":"[::1]:58002","user_agent":"Prometheus/2.51.1","request_id":"LAPTOP-TN2607IT/oTPdxJDPE8-000074","status":200,"bytes":1496,"duration":"1.0512ms"}
{"time":"2024-06-07T23:38:35.0880259+05:00","level":"INFO","msg":"request completed","component":"middleware/logger","method":"GET","path":"/url/metrics","remote_addr":"[::1]:58002","user_agent":"Prometheus/2.51.1","request_id":"LAPTOP-TN2607IT/oTPdxJDPE8-000075","status":200,"bytes":1490,"duration":"507.9µs"}
{"time":"2024-06-07T23:38:40.0911775+05:00","level":"INFO","msg":"request completed","component":"middleware/logger","method":"GET","path":"/url/metrics","remote_addr":"[::1]:58002","user_agent":"Prometheus/2.51.1","request_id":"LAPTOP-TN2607IT/oTPdxJDPE8-000076","status":200,"bytes":1495,"duration":"2.0962ms"}
{"time":"2024-06-07T23:38:45.0799781+05:00","level":"INFO","msg":"request completed","component":"middleware/logger","method":"GET","path":"/url/metrics","remote_addr":"[::1]:58002","user_agent":"Prometheus/2.51.1","request_id":"LAPTOP-TN2607IT/oTPdxJDPE8-000077","status":200,"bytes":1492,"duration":"507.7µs"}
{"time":"2024-06-07T23:38:50.0798552+05:00","level":"INFO","msg":"request completed","component":"middleware/logger","method":"GET","path":"/url/metrics","remote_addr":"[::1]:58002","user_agent":"Prometheus/2.51.1","request_id":"LAPTOP-TN2607IT/oTPdxJDPE8-000078","status":200,"bytes":1495,"duration":"526.3µs"}
{"time":"2024-06-07T23:38:55.0768922+05:00","level":"INFO","msg":"request completed","component":"middleware/logger","method":"GET","path":"/url/metrics","remote_addr":"[::1]:58002","user_agent":"Prometheus/2.51.1","request_id":"LAPTOP-TN2607IT/oTPdxJDPE8-000079","status":200,"bytes":1493,"duration":"389.8µs"}
{"time":"2024-06-07T23:39:00.0896295+05:00","level":"INFO","msg":"request completed","component":"middleware/logger","method":"GET","path":"/url/metrics","remote_addr":"[::1]:58002","user_agent":"Prometheus/2.51.1","request_id":"LAPTOP-TN2607IT/oTPdxJDPE8-000080","status":200,"bytes":1493,"duration":"508.1µs"}
{"time":"2024-06-07T23:39:05.0887695+05:00","level":"INFO","msg":"request completed","component":"middleware/logger","method":"GET","path":"/url/metrics","remote_addr":"[::1]:58002","user_agent":"Prometheus/2.51.1","request_id":"LAPTOP-TN2607IT/oTPdxJDPE8-000081","status":200,"bytes":1491,"duration":"507.6µs"}
{"time":"2024-06-07T23:39:10.0845073+05:00","level":"INFO","msg":"request completed","component":"middleware/logger","method":"GET","path":"/url/metrics","remote_addr":"[::1]:58002","user_agent":"Prometheus/2.51.1","request_id":"LAPTOP-TN2607IT/oTPdxJDPE8-000082","status":200,"bytes":1494,"duration":"506.9µs"}
{"time":"2024-06-07T23:39:15.0858094+05:00","level":"INFO","msg":"request completed","component":"middleware/logger","method":"GET","path":"/url/metrics","remote_addr":"[::1]:58002","user_agent":"Prometheus/2.51.1","request_id":"LAPTOP-TN2607IT/oTPdxJDPE8-000083","status":200,"bytes":1494,"duration":"1.0607ms"}
{"time":"2024-06-07T23:39:20.0868717+05:00","level":"INFO","msg":"request completed","component":"middleware/logger","method":"GET","path":"/url/metrics","remote_addr":"[::1]:58002","user_agent":"Prometheus/2.51.1","request_id":"LAPTOP-TN2607IT/oTPdxJDPE8-000084","status":200,"bytes":1493,"duration":"508.1µs"}
{"time":"2024-06-07T23:39:25.0882968+05:00","level":"INFO","msg":"request completed","component":"middleware/logger","method":"GET","path":"/url/metrics","remote_addr":"[::1]:58002","user_agent":"Prometheus/2.51.1","request_id":"LAPTOP-TN2607IT/oTPdxJDPE8-000085","status":200,"bytes":1488,"duration":"509.1µs"}
{"time":"2024-06-07T23:39:30.0833659+05:00","level":"INFO","msg":"request completed","component":"middleware/logger","method":"GET","path":"/url/metrics","remote_addr":"[::1]:58002","user_agent":"Prometheus/2.51.1","request_id":"LAPTOP-TN2607IT/oTPdxJDPE8-000086","status":200,"bytes":1493,"duration":"767µs"}
{"time":"2024-06-07T23:39:35.0894807+05:00","level":"INFO","msg":"request completed","component":"middleware/logger","method":"GET","path":"/url/metrics","remote_addr":"[::1]:58002","user_agent":"Prometheus/2.51.1","request_id":"LAPTOP-TN2607IT/oTPdxJDPE8-000087","status":200,"bytes":1493,"duration":"507.1µs"}
{"time":"2024-06-07T23:39:40.0790017+05:00","level":"INFO","msg":"request completed","component":"middleware/logger","method":"GET","path":"/url/metrics","remote_addr":"[::1]:58002","user_agent":"Prometheus/2.51.1","request_id":"LAPTOP-TN2607IT/oTPdxJDPE8-000088","status":200,"bytes":1492,"duration":"509.6µs"}
{"time":"2024-06-07T23:39:45.0909437+05:00","level":"INFO","msg":"request completed","component":"middleware/logger","method":"GET","path":"/url/metrics","remote_addr":"[::1]:58002","user_agent":"Prometheus/2.51.1","request_id":"LAPTOP-TN2607IT/oTPdxJDPE8-000089","status":200,"bytes":1493,"duration":"1.0003ms"}
{"time":"2024-06-07T23:39:50.0852623+05:00","level":"INFO","msg":"request completed","component":"middleware/logger","method":"GET","path":"/url/metrics","remote_addr":"[::1]:58002","user_agent":"Prometheus/2.51.1","request_id":"LAPTOP-TN2607IT/oTPdxJDPE8-000090","status":200,"bytes":1494,"duration":"508.9µs"}
{"time":"2024-06-07T23:39:55.0824571+05:00","level":"INFO","msg":"request completed","component":"middleware/logger","method":"GET","path":"/url/metrics","remote_addr":"[::1]:58002","user_agent":"Prometheus/2.51.1","request_id":"LAPTOP-TN2607IT/oTPdxJDPE8-000091","status":200,"bytes":1491,"duration":"578.5µs"}
{"time":"2024-06-07T23:40:00.0837107+05:00","level":"INFO","msg":"request completed","component":"middleware/logger","method":"GET","path":"/url/metrics","remote_addr":"[::1]:58002","user_agent":"Prometheus/2.51.1","request_id":"LAPTOP-TN2607IT/oTPdxJDPE8-000092","status":200,"bytes":1488,"duration":"93.1µs"}
{"time":"2024-06-07T23:40:05.0871171+05:00","level":"INFO","msg":"request completed","component":"middleware/logger","method":"GET","path":"/url/metrics","remote_addr":"[::1]:58002","user_agent":"Prometheus/2.51.1","request_id":"LAPTOP-TN2607IT/oTPdxJDPE8-000093","status":200,"bytes":1491,"duration":"0s"}
{"time":"2024-06-07T23:40:10.0834681+05:00","level":"INFO","msg":"request completed","component":"middleware/logger","method":"GET","path":"/url/metrics","remote_addr":"[::1]:58002","user_agent":"Prometheus/2.51.1","request_id":"LAPTOP-TN2607IT/oTPdxJDPE8-000094","status":200,"bytes":1494,"duration":"147.6µs"}
{"time":"2024-06-07T23:40:15.0765422+05:00","level":"INFO","msg":"request completed","component":"middleware/logger","method":"GET","path":"/url/metrics","remote_addr":"[::1]:58002","user_agent":"Prometheus/2.51.1","request_id":"LAPTOP-TN2607IT/oTPdxJDPE8-000095","status":200,"bytes":1497,"duration":"236.6µs"}
{"time":"2024-06-07T23:40:20.0771648+05:00","level":"INFO","msg":"request completed","component":"middleware/logger","method":"GET","path":"/url/metrics","remote_addr":"[::1]:58002","user_agent":"Prometheus/2.51.1","request_id":"LAPTOP-TN2607IT/oTPdxJDPE8-000096","status":200,"bytes":1493,"duration":"1.0342ms"}
{"time":"2024-06-07T23:40:25.0879809+05:00","level":"INFO","msg":"request completed","component":"middleware/logger","method":"GET","path":"/url/metrics","remote_addr":"[::1]:58002","user_agent":"Prometheus/2.51.1","request_id":"LAPTOP-TN2607IT/oTPdxJDPE8-000097","status":200,"bytes":1494,"duration":"505.9µs"}
{"time":"2024-06-07T23:40:30.0892012+05:00","level":"INFO","msg":"request completed","component":"middleware/logger","method":"GET","path":"/url/metrics","remote_addr":"[::1]:58002","user_agent":"Prometheus/2.51.1","request_id":"LAPTOP-TN2607IT/oTPdxJDPE8-000098","status":200,"bytes":1491,"duration":"1.0433ms"}
{"time":"2024-06-07T23:40:35.0875965+05:00","level":"INFO","msg":"request completed","component":"middleware/logger","method":"GET","path":"/url/metrics","remote_addr":"[::1]:58002","user_agent":"Prometheus/2.51.1","request_id":"LAPTOP-TN2607IT/oTPdxJDPE8-000099","status":200,"bytes":1494,"duration":"911.9µs"}
{"time":"2024-06-07T23:40:40.080883+05:00","level":"INFO","msg":"request completed","component":"middleware/logger","method":"GET","path":"/url/metrics","remote_addr":"[::1]:58002","user_agent":"Prometheus/2.51.1","request_id":"LAPTOP-TN2607IT/oTPdxJDPE8-000100","status":200,"bytes":1493,"duration":"770.1µs"}
{"time":"2024-06-07T23:40:45.0907775+05:00","level":"INFO","msg":"request completed","component":"middleware/logger","method":"GET","path":"/url/metrics","remote_addr":"[::1]:58002","user_agent":"Prometheus/2.51.1","request_id":"LAPTOP-TN2607IT/oTPdxJDPE8-000101","status":200,"bytes":1487,"duration":"511.2µs"}
{"time":"2024-06-07T23:40:50.0880205+05:00","level":"INFO","msg":"request completed","component":"middleware/logger","method":"GET","path":"/url/metrics","remote_addr":"[::1]:58002","user_agent":"Prometheus/2.51.1","request_id":"LAPTOP-TN2607IT/oTPdxJDPE8-000102","status":200,"bytes":1488,"duration":"604.8µs"}
{"time":"2024-06-07T23:40:55.0860352+05:00","level":"INFO","msg":"request completed","component":"middleware/logger","method":"GET","path":"/url/metrics","remote_addr":"[::1]:58002","user_agent":"Prometheus/2.51.1","request_id":"LAPTOP-TN2607IT/oTPdxJDPE8-000103","status":200,"bytes":1491,"duration":"504.6µs"}
{"time":"2024-06-07T23:41:00.0896979+05:00","level":"INFO","msg":"request completed","component":"middleware/logger","method":"GET","path":"/url/metrics","remote_addr":"[::1]:58002","user_agent":"Prometheus/2.51.1","request_id":"LAPTOP-TN2607IT/oTPdxJDPE8-000104","status":200,"bytes":1491,"duration":"507.4µs"}
{"time":"2024-06-07T23:41:05.0772894+05:00","level":"INFO","msg":"request completed","component":"middleware/logger","method":"GET","path":"/url/metrics","remote_addr":"[::1]:58002","user_agent":"Prometheus/2.51.1","request_id":"LAPTOP-TN2607IT/oTPdxJDPE8-000105","status":200,"bytes":1490,"duration":"509µs"}
{"time":"2024-06-07T23:41:10.0783781+05:00","level":"INFO","msg":"request completed","component":"middleware/logger","method":"GET","path":"/url/metrics","remote_addr":"[::1]:58002","user_agent":"Prometheus/2.51.1","request_id":"LAPTOP-TN2607IT/oTPdxJDPE8-000106","status":200,"bytes":1492,"duration":"510.9µs"}
{"time":"2024-06-07T23:41:15.0800797+05:00","level":"INFO","msg":"request completed","component":"middleware/logger","method":"GET","path":"/url/metrics","remote_addr":"[::1]:58002","user_agent":"Prometheus/2.51.1","request_id":"LAPTOP-TN2607IT/oTPdxJDPE8-000107","status":200,"bytes":1491,"duration":"777.1µs"}
{"time":"2024-06-07T23:41:20.0756958+05:00","level":"INFO","msg":"request completed","component":"middleware/logger","method":"GET","path":"/url/metrics","remote_addr":"[::1]:58002","user_agent":"Prometheus/2.51.1","request_id":"LAPTOP-TN2607IT/oTPdxJDPE8-000108","status":200,"bytes":1492,"duration":"505.4µs"}
{"time":"2024-06-07T23:41:25.087975+05:00","level":"INFO","msg":"request completed","component":"middleware/logger","method":"GET","path":"/url/metrics","remote_addr":"[::1]:58002","user_agent":"Prometheus/2.51.1","request_id":"LAPTOP-TN2607IT/oTPdxJDPE8-000109","status":200,"bytes":1495,"duration":"683.2µs"}
{"time":"2024-06-07T23:41:30.085368+05:00","level":"INFO","msg":"request completed","component":"middleware/logger","method":"GET","path":"/url/metrics","remote_addr":"[::1]:58002","user_agent":"Prometheus/2.51.1","request_id":"LAPTOP-TN2607IT/oTPdxJDPE8-000110","status":200,"bytes":1493,"duration":"57.9µs"}
{"time":"2024-06-07T23:41:35.076223+05:00","level":"INFO","msg":"request completed","component":"middleware/logger","method":"GET","path":"/url/metrics","remote_addr":"[::1]:58002","user_agent":"Prometheus/2.51.1","request_id":"LAPTOP-TN2607IT/oTPdxJDPE8-000111","status":200,"bytes":1493,"duration":"509.5µs"}
{"time":"2024-06-07T23:41:40.0904244+05:00","level":"INFO","msg":"request completed","component":"middleware/logger","method":"GET","path":"/url/metrics","remote_addr":"[::1]:58002","user_agent":"Prometheus/2.51.1","request_id":"LAPTOP-TN2607IT/oTPdxJDPE8-000112","status":200,"bytes":1492,"duration":"506.7µs"}
{"time":"2024-06-07T23:41:40.1223642+05:00","level":"INFO","msg":"got url","op":"handlers.url.redirect.New","request_id":"LAPTOP-TN2607IT/oTPdxJDPE8-000113","url":"https://aistudio.google.com/app/prompts/new_chat"}
{"time":"2024-06-07T23:41:40.1223642+05:00","level":"INFO","msg":"request completed","component":"middleware/logger","method":"GET","path":"/test","remote_addr":"[::1]:58647","user_agent":"PostmanRuntime/7.39.0","request_id":"LAPTOP-TN2607IT/oTPdxJDPE8-000113","status":302,"bytes":71,"duration":"3.8427ms"}
{"time":"2024-06-07T23:41:45.0904021+05:00","level":"INFO","msg":"request completed","component":"middleware/logger","method":"GET","path":"/url/metrics","remote_addr":"[::1]:58002","user_agent":"Prometheus/2.51.1","request_id":"LAPTOP-TN2607IT/oTPdxJDPE8-000114","status":200,"bytes":1498,"duration":"628µs"}
{"time":"2024-06-07T23:41:47.2220376+05:00","level":"INFO","msg":"request completed","component":"middleware/logger","method":"GET","path":"/url/metrics","remote_addr":"127.0.0.1:58673","user_agent":"Mozilla/5.0 (Windows NT 10.0; Win64; x64; rv:126.0) Gecko/20100101 Firefox/126.0","request_id":"LAPTOP-TN2607IT/oTPdxJDPE8-000115","status":200,"bytes":1495,"duration":"1.4561ms"}
{"time":"2024-06-07T23:41:50.0761995+05:00","level":"INFO","msg":"request completed","component":"middleware/logger","method":"GET","path":"/url/metrics","remote_addr":"[::1]:58002","user_agent":"Prometheus/2.51.1","request_id":"LAPTOP-TN2607IT/oTPdxJDPE8-000116","status":200,"bytes":1496,"duration":"1.0554ms"}
{"time":"2024-06-07T23:41:55.0908864+05:00","level":"INFO","msg":"request completed","component":"middleware/logger","method":"GET","path":"/url/metrics","remote_addr":"[::1]:58002","user_agent":"Prometheus/2.51.1","request_id":"LAPTOP-TN2607IT/oTPdxJDPE8-000117","status":200,"bytes":1495,"duration":"512.8µs"}
{"time":"2024-06-07T23:42:00.0850861+05:00","level":"INFO","msg":"request completed","component":"middleware/logger","method":"GET","path":"/url/metrics","remote_addr":"[::1]:58002","user_agent":"Prometheus/2.51.1","request_id":"LAPTOP-TN2607IT/oTPdxJDPE8-000118","status":200,"bytes":1492,"duration":"1.0757ms"}
{"time":"2024-06-07T23:42:05.0780952+05:00","level":"INFO","msg":"request completed","component":"middleware/logger","method":"GET","path":"/url/metrics","remote_addr":"[::1]:58002","user_agent":"Prometheus/2.51.1","request_id":"LAPTOP-TN2607IT/oTPdxJDPE8-000119","status":200,"bytes":1494,"duration":"503.8µs"}
{"time":"2024-06-07T23:42:10.0861628+05:00","level":"INFO","msg":"request completed","component":"middleware/logger","method":"GET","path":"/url/metrics","remote_addr":"[::1]:58002","user_agent":"Prometheus/2.51.1","request_id":"LAPTOP-TN2607IT/oTPdxJDPE8-000120","status":200,"bytes":1499,"duration":"508µs"}
{"time":"2024-06-07T23:42:15.0764233+05:00","level":"INFO","msg":"request completed","component":"middleware/logger","method":"GET","path":"/url/metrics","remote_addr":"[::1]:58002","user_agent":"Prometheus/2.51.1","request_id":"LAPTOP-TN2607IT/oTPdxJDPE8-000121","status":200,"bytes":1492,"duration":"508.8µs"}
{"time":"2024-06-07T23:42:20.0838064+05:00","level":"INFO","msg":"request completed","component":"middleware/logger","method":"GET","path":"/url/metrics","remote_addr":"[::1]:58002","user_agent":"Prometheus/2.51.1","request_id":"LAPTOP-TN2607IT/oTPdxJDPE8-000122","status":200,"bytes":1496,"duration":"689.9µs"}
{"time":"2024-06-07T23:42:25.0806264+05:00","level":"INFO","msg":"request completed","component":"middleware/logger","method":"GET","path":"/url/metrics","remote_addr":"[::1]:58002","user_agent":"Prometheus/2.51.1","request_id":"LAPTOP-TN2607IT/oTPdxJDPE8-000123","status":200,"bytes":1495,"duration":"1.0434ms"}
{"time":"2024-06-07T23:42:30.0863859+05:00","level":"INFO","msg":"request completed","component":"middleware/logger","method":"GET","path":"/url/metrics","remote_addr":"[::1]:58002","user_agent":"Prometheus/2.51.1","request_id":"LAPTOP-TN2607IT/oTPdxJDPE8-000124","status":200,"bytes":1494,"duration":"534.1µs"}
{"time":"2024-06-07T23:42:35.0889524+05:00","level":"INFO","msg":"request completed","component":"middleware/logger","method":"GET","path":"/url/metrics","remote_addr":"[::1]:58002","user_agent":"Prometheus/2.51.1","request_id":"LAPTOP-TN2607IT/oTPdxJDPE8-000125","status":200,"bytes":1499,"duration":"507.8µs"}
{"time":"2024-06-07T23:42:40.0759779+05:00","level":"INFO","msg":"request completed","component":"middleware/logger","method":"GET","path":"/url/metrics","remote_addr":"[::1]:58002","user_agent":"Prometheus/2.51.1","request_id":"LAPTOP-TN2607IT/oTPdxJDPE8-000126","status":200,"bytes":1494,"duration":"506µs"}
{"time":"2024-06-07T23:42:45.0897768+05:00","level":"INFO","msg":"request completed","component":"middleware/logger","method":"GET","path":"/url/metrics","remote_addr":"[::1]:58002","user_agent":"Prometheus/2.51.1","request_id":"LAPTOP-TN2607IT/oTPdxJDPE8-000127","status":200,"bytes":1495,"duration":"504.6µs"}
{"time":"2024-06-07T23:42:50.0815485+05:00","level":"INFO","msg":"request completed","component":"middleware/logger","method":"GET","path":"/url/metrics","remote_addr":"[::1]:58002","user_agent":"Prometheus/2.51.1","request_id":"LAPTOP-TN2607IT/oTPdxJDPE8-000128","status":200,"bytes":1499,"duration":"1.0373ms"}
{"time":"2024-06-07T23:42:55.0919098+05:00","level":"INFO","msg":"request completed","component":"middleware/logger","method":"GET","path":"/url/metrics","remote_addr":"[::1]:58002","user_agent":"Prometheus/2.51.1","request_id":"LAPTOP-TN2607IT/oTPdxJDPE8-000129","status":200,"bytes":1498,"duration":"517.2µs"}
{"time":"2024-06-07T23:43:00.0848936+05:00","level":"INFO","msg":"request completed","component":"middleware/logger","method":"GET","path":"/url/metrics","remote_addr":"[::1]:58002","user_agent":"Prometheus/2.51.1","request_id":"LAPTOP-TN2607IT/oTPdxJDPE8-000130","status":200,"bytes":1498,"duration":"541.6µs"}
{"time":"2024-06-07T23:43:05.0819976+05:00","level":"INFO","msg":"request completed","component":"middleware/logger","method":"GET","path":"/url/metrics","remote_addr":"[::1]:58002","user_agent":"Prometheus/2.51.1","request_id":"LAPTOP-TN2607IT/oTPdxJDPE8-000131","status":200,"bytes":1495,"duration":"758.2µs"}
{"time":"2024-06-07T23:43:10.0786993+05:00","level":"INFO","msg":"request completed","component":"middleware/logger","method":"GET","path":"/url/metrics","remote_addr":"[::1]:58002","user_agent":"Prometheus/2.51.1","request_id":"LAPTOP-TN2607IT/oTPdxJDPE8-000132","status":200,"bytes":1497,"duration":"864.2µs"}
{"time":"2024-06-07T23:43:15.0778363+05:00","level":"INFO","msg":"request completed","component":"middleware/logger","method":"GET","path":"/url/metrics","remote_addr":"[::1]:58002","user_agent":"Prometheus/2.51.1","request_id":"LAPTOP-TN2607IT/oTPdxJDPE8-000133","status":200,"bytes":1498,"duration":"511.3µs"}
{"time":"2024-06-07T23:43:20.0832031+05:00","level":"INFO","msg":"request completed","component":"middleware/logger","method":"GET","path":"/url/metrics","remote_addr":"[::1]:58002","user_agent":"Prometheus/2.51.1","request_id":"LAPTOP-TN2607IT/oTPdxJDPE8-000134","status":200,"bytes":1495,"duration":"516.9µs"}
{"time":"2024-06-07T23:43:25.0766532+05:00","level":"INFO","msg":"request completed","component":"middleware/logger","method":"GET","path":"/url/metrics","remote_addr":"[::1]:58002","user_agent":"Prometheus/2.51.1","request_id":"LAPTOP-TN2607IT/oTPdxJDPE8-000135","status":200,"bytes":1497,"duration":"505.8µs"}
{"time":"2024-06-07T23:43:27.4963754+05:00","level":"INFO","msg":"got url","op":"handlers.url.redirect.New","request_id":"LAPTOP-TN2607IT/oTPdxJDPE8-000136","url":"https://aistudio.google.com/app/prompts/new_chat"}
{"time":"2024-06-07T23:43:27.4963754+05:00","level":"INFO","msg":"request completed","component":"middleware/logger","method":"GET","path":"/test","remote_addr":"[::1]:58796","user_agent":"PostmanRuntime/7.39.0","request_id":"LAPTOP-TN2607IT/oTPdxJDPE8-000136","status":302,"bytes":71,"duration":"990.6µs"}
{"time":"2024-06-07T23:43:29.607473+05:00","level":"INFO","msg":"got url","op":"handlers.url.redirect.New","request_id":"LAPTOP-TN2607IT/oTPdxJDPE8-000137","url":"https://aistudio.google.com/app/prompts/new_chat"}
{"time":"2024-06-07T23:43:29.6079788+05:00","level":"INFO","msg":"request completed","component":"middleware/logger","method":"GET","path":"/test","remote_addr":"[::1]:58796","user_agent":"PostmanRuntime/7.39.0","request_id":"LAPTOP-TN2607IT/oTPdxJDPE8-000137","status":302,"bytes":71,"duration":"768.7µs"}
{"time":"2024-06-07T23:43:30.0796166+05:00","level":"INFO","msg":"request completed","component":"middleware/logger","method":"GET","path":"/url/metrics","remote_addr":"[::1]:58002","user_agent":"Prometheus/2.51.1","request_id":"LAPTOP-TN2607IT/oTPdxJDPE8-000138","status":200,"bytes":1498,"duration":"647.3µs"}
{"time":"2024-06-07T23:43:32.0207891+05:00","level":"INFO","msg":"got url","op":"handlers.url.redirect.New","request_id":"LAPTOP-TN2607IT/oTPdxJDPE8-000139","url":"https://aistudio.google.com/app/prompts/new_chat"}
{"time":"2024-06-07T23:43:32.0207891+05:00","level":"INFO","msg":"request completed","component":"middleware/logger","method":"GET","path":"/test","remote_addr":"[::1]:58796","user_agent":"PostmanRuntime/7.39.0","request_id":"LAPTOP-TN2607IT/oTPdxJDPE8-000139","status":302,"bytes":71,"duration":"1.0066ms"}
{"time":"2024-06-07T23:43:35.0789408+05:00","level":"INFO","msg":"request completed","component":"middleware/logger","method":"GET","path":"/url/metrics","remote_addr":"[::1]:58002","user_agent":"Prometheus/2.51.1","request_id":"LAPTOP-TN2607IT/oTPdxJDPE8-000140","status":200,"bytes":1500,"duration":"505.6µs"}
{"time":"2024-06-07T23:43:40.0772243+05:00","level":"INFO","msg":"request completed","component":"middleware/logger","method":"GET","path":"/url/metrics","remote_addr":"[::1]:58002","user_agent":"Prometheus/2.51.1","request_id":"LAPTOP-TN2607IT/oTPdxJDPE8-000141","status":200,"bytes":1492,"duration":"505.5µs"}
{"time":"2024-06-07T23:43:45.0896387+05:00","level":"INFO","msg":"request completed","component":"middleware/logger","method":"GET","path":"/url/metrics","remote_addr":"[::1]:58002","user_agent":"Prometheus/2.51.1","request_id":"LAPTOP-TN2607IT/oTPdxJDPE8-000142","status":200,"bytes":1493,"duration":"1.1319ms"}
{"time":"2024-06-07T23:43:50.0892633+05:00","level":"INFO","msg":"request completed","component":"middleware/logger","method":"GET","path":"/url/metrics","remote_addr":"[::1]:58002","user_agent":"Prometheus/2.51.1","request_id":"LAPTOP-TN2607IT/oTPdxJDPE8-000143","status":200,"bytes":1497,"duration":"508µs"}
{"time":"2024-06-07T23:43:55.0866329+05:00","level":"INFO","msg":"request completed","component":"middleware/logger","method":"GET","path":"/url/metrics","remote_addr":"[::1]:58002","user_agent":"Prometheus/2.51.1","request_id":"LAPTOP-TN2607IT/oTPdxJDPE8-000144","status":200,"bytes":1495,"duration":"513.4µs"}
{"time":"2024-06-07T23:44:00.0865359+05:00","level":"INFO","msg":"request completed","component":"middleware/logger","method":"GET","path":"/url/metrics","remote_addr":"[::1]:58002","user_agent":"Prometheus/2.51.1","request_id":"LAPTOP-TN2607IT/oTPdxJDPE8-000145","status":200,"bytes":1496,"duration":"612.1µs"}
{"time":"2024-06-07T23:44:05.0853862+05:00","level":"INFO","msg":"request completed","component":"middleware/logger","method":"GET","path":"/url/metrics","remote_addr":"[::1]:58002","user_agent":"Prometheus/2.51.1","request_id":"LAPTOP-TN2607IT/oTPdxJDPE8-000146","status":200,"bytes":1496,"duration":"506.2µs"}
{"time":"2024-06-07T23:44:10.0850124+05:00","level":"INFO","msg":"request completed","component":"middleware/logger","method":"GET","path":"/url/metrics","remote_addr":"[::1]:58002","user_agent":"Prometheus/2.51.1","request_id":"LAPTOP-TN2607IT/oTPdxJDPE8-000147","status":200,"bytes":1497,"duration":"513.9µs"}
{"time":"2024-06-07T23:44:15.0908753+05:00","level":"INFO","msg":"request completed","component":"middleware/logger","method":"GET","path":"/url/metrics","remote_addr":"[::1]:58002","user_agent":"Prometheus/2.51.1","request_id":"LAPTOP-TN2607IT/oTPdxJDPE8-000148","status":200,"bytes":1499,"duration":"1.0416ms"}
{"time":"2024-06-07T23:44:20.0842283+05:00","level":"INFO","msg":"request completed","component":"middleware/logger","method":"GET","path":"/url/metrics","remote_addr":"[::1]:58002","user_agent":"Prometheus/2.51.1","request_id":"LAPTOP-TN2607IT/oTPdxJDPE8-000149","status":200,"bytes":1493,"duration":"719.4µs"}
{"time":"2024-06-07T23:44:25.0789688+05:00","level":"INFO","msg":"request completed","component":"middleware/logger","method":"GET","path":"/url/metrics","remote_addr":"[::1]:58002","user_agent":"Prometheus/2.51.1","request_id":"LAPTOP-TN2607IT/oTPdxJDPE8-000150","status":200,"bytes":1498,"duration":"505.5µs"}
{"time":"2024-06-07T23:44:30.0887719+05:00","level":"INFO","msg":"request completed","component":"middleware/logger","method":"GET","path":"/url/metrics","remote_addr":"[::1]:58002","user_agent":"Prometheus/2.51.1","request_id":"LAPTOP-TN2607IT/oTPdxJDPE8-000151","status":200,"bytes":1497,"duration":"510.5µs"}
{"time":"2024-06-07T23:44:35.0918089+05:00","level":"INFO","msg":"request completed","component":"middleware/logger","method":"GET","path":"/url/metrics","remote_addr":"[::1]:58002","user_agent":"Prometheus/2.51.1","request_id":"LAPTOP-TN2607IT/oTPdxJDPE8-000152","status":200,"bytes":1495,"duration":"648.2µs"}
{"time":"2024-06-07T23:44:40.0816673+05:00","level":"INFO","msg":"request completed","component":"middleware/logger","method":"GET","path":"/url/metrics","remote_addr":"[::1]:58002","user_agent":"Prometheus/2.51.1","request_id":"LAPTOP-TN2607IT/oTPdxJDPE8-000153","status":200,"bytes":1493,"duration":"509.3µs"}
{"time":"2024-06-07T23:44:45.0892221+05:00","level":"INFO","msg":"request completed","component":"middleware/logger","method":"GET","path":"/url/metrics","remote_addr":"[::1]:58002","user_agent":"Prometheus/2.51.1","request_id":"LAPTOP-TN2607IT/oTPdxJDPE8-000154","status":200,"bytes":1495,"duration":"1.0085ms"}
{"time":"2024-06-07T23:44:50.0918958+05:00","level":"INFO","msg":"request completed","component":"middleware/logger","method":"GET","path":"/url/metrics","remote_addr":"[::1]:58002","user_agent":"Prometheus/2.51.1","request_id":"LAPTOP-TN2607IT/oTPdxJDPE8-000155","status":200,"bytes":1494,"duration":"629.8µs"}
{"time":"2024-06-07T23:44:55.0781441+05:00","level":"INFO","msg":"request completed","component":"middleware/logger","method":"GET","path":"/url/metrics","remote_addr":"[::1]:58002","user_agent":"Prometheus/2.51.1","request_id":"LAPTOP-TN2607IT/oTPdxJDPE8-000156","status":200,"bytes":1494,"duration":"507µs"}
{"time":"2024-06-07T23:45:00.0806404+05:00","level":"INFO","msg":"request completed","component":"middleware/logger","method":"GET","path":"/url/metrics","remote_addr":"[::1]:58002","user_agent":"Prometheus/2.51.1","request_id":"LAPTOP-TN2607IT/oTPdxJDPE8-000157","status":200,"bytes":1497,"duration":"521.6µs"}
{"time":"2024-06-07T23:45:05.0858972+05:00","level":"INFO","msg":"request completed","component":"middleware/logger","method":"GET","path":"/url/metrics","remote_addr":"[::1]:58002","user_agent":"Prometheus/2.51.1","request_id":"LAPTOP-TN2607IT/oTPdxJDPE8-000158","status":200,"bytes":1495,"duration":"509.2µs"}
{"time":"2024-06-07T23:45:10.0811884+05:00","level":"INFO","msg":"request completed","component":"middleware/logger","method":"GET","path":"/url/metrics","remote_addr":"[::1]:58002","user_agent":"Prometheus/2.51.1","request_id":"LAPTOP-TN2607IT/oTPdxJDPE8-000159","status":200,"bytes":1496,"duration":"0s"}
{"time":"2024-06-07T23:45:15.0867624+05:00","level":"INFO","msg":"request completed","component":"middleware/logger","method":"GET","path":"/url/metrics","remote_addr":"[::1]:58002","user_agent":"Prometheus/2.51.1","request_id":"LAPTOP-TN2607IT/oTPdxJDPE8-000160","status":200,"bytes":1497,"duration":"508.6µs"}
{"time":"2024-06-07T23:45:20.088764+05:00","level":"INFO","msg":"request completed","component":"middleware/logger","method":"GET","path":"/url/metrics","remote_addr":"[::1]:58002","user_agent":"Prometheus/2.51.1","request_id":"LAPTOP-TN2607IT/oTPdxJDPE8-000161","status":200,"bytes":1496,"duration":"504.7µs"}
{"time":"2024-06-07T23:45:25.0891247+05:00","level":"INFO","msg":"request completed","component":"middleware/logger","method":"GET","path":"/url/metrics","remote_addr":"[::1]:58002","user_agent":"Prometheus/2.51.1","request_id":"LAPTOP-TN2607IT/oTPdxJDPE8-000162","status":200,"bytes":1495,"duration":"510.1µs"}
{"time":"2024-06-07T23:45:30.0855434+05:00","level":"INFO","msg":"request completed","component":"middleware/logger","method":"GET","path":"/url/metrics","remote_addr":"[::1]:58002","user_agent":"Prometheus/2.51.1","request_id":"LAPTOP-TN2607IT/oTPdxJDPE8-000163","status":200,"bytes":1494,"duration":"726.9µs"}
{"time":"2024-06-07T23:45:35.0800183+05:00","level":"INFO","msg":"request completed","component":"middleware/logger","method":"GET","path":"/url/metrics","remote_addr":"[::1]:58002","user_agent":"Prometheus/2.51.1","request_id":"LAPTOP-TN2607IT/oTPdxJDPE8-000164","status":200,"bytes":1491,"duration":"507.6µs"}
{"time":"2024-06-07T23:45:40.0847402+05:00","level":"INFO","msg":"request completed","component":"middleware/logger","method":"GET","path":"/url/metrics","remote_addr":"[::1]:58002","user_agent":"Prometheus/2.51.1","request_id":"LAPTOP-TN2607IT/oTPdxJDPE8-000165","status":200,"bytes":1494,"duration":"775.7µs"}
{"time":"2024-06-07T23:45:45.088157+05:00","level":"INFO","msg":"request completed","component":"middleware/logger","method":"GET","path":"/url/metrics","remote_addr":"[::1]:58002","user_agent":"Prometheus/2.51.1","request_id":"LAPTOP-TN2607IT/oTPdxJDPE8-000166","status":200,"bytes":1498,"duration":"506.7µs"}
{"time":"2024-06-07T23:45:50.089789+05:00","level":"INFO","msg":"request completed","component":"middleware/logger","method":"GET","path":"/url/metrics","remote_addr":"[::1]:58002","user_agent":"Prometheus/2.51.1","request_id":"LAPTOP-TN2607IT/oTPdxJDPE8-000167","status":200,"bytes":1493,"duration":"635.8µs"}
{"time":"2024-06-07T23:45:55.0814229+05:00","level":"INFO","msg":"request completed","component":"middleware/logger","method":"GET","path":"/url/metrics","remote_addr":"[::1]:58002","user_agent":"Prometheus/2.51.1","request_id":"LAPTOP-TN2607IT/oTPdxJDPE8-000168","status":200,"bytes":1497,"duration":"577.2µs"}
{"time":"2024-06-07T23:46:00.0884386+05:00","level":"INFO","msg":"request completed","component":"middleware/logger","method":"GET","path":"/url/metrics","remote_addr":"[::1]:58002","user_agent":"Prometheus/2.51.1","request_id":"LAPTOP-TN2607IT/oTPdxJDPE8-000169","status":200,"bytes":1500,"duration":"508.2µs"}
{"time":"2024-06-07T23:46:05.081595+05:00","level":"INFO","msg":"request completed","component":"middleware/logger","method":"GET","path":"/url/metrics","remote_addr":"[::1]:58002","user_agent":"Prometheus/2.51.1","request_id":"LAPTOP-TN2607IT/oTPdxJDPE8-000170","status":200,"bytes":1495,"duration":"516.6µs"}
{"time":"2024-06-07T23:46:10.0841271+05:00","level":"INFO","msg":"request completed","component":"middleware/logger","method":"GET","path":"/url/metrics","remote_addr":"[::1]:58002","user_agent":"Prometheus/2.51.1","request_id":"LAPTOP-TN2607IT/oTPdxJDPE8-000171","status":200,"bytes":1501,"duration":"507.6µs"}
{"time":"2024-06-07T23:46:15.0868786+05:00","level":"INFO","msg":"request completed","component":"middleware/logger","method":"GET","path":"/url/metrics","remote_addr":"[::1]:58002","user_agent":"Prometheus/2.51.1","request_id":"LAPTOP-TN2607IT/oTPdxJDPE8-000172","status":200,"bytes":1498,"duration":"507.7µs"}
{"time":"2024-06-07T23:46:20.0806824+05:00","level":"INFO","msg":"request completed","component":"middleware/logger","method":"GET","path":"/url/metrics","remote_addr":"[::1]:58002","user_agent":"Prometheus/2.51.1","request_id":"LAPTOP-TN2607IT/oTPdxJDPE8-000173","status":200,"bytes":1499,"duration":"513µs"}
{"time":"2024-06-07T23:46:25.0800255+05:00","level":"INFO","msg":"request completed","component":"middleware/logger","method":"GET","path":"/url/metrics","remote_addr":"[::1]:58002","user_agent":"Prometheus/2.51.1","request_id":"LAPTOP-TN2607IT/oTPdxJDPE8-000174","status":200,"bytes":1501,"duration":"599.5µs"}
{"time":"2024-06-07T23:46:30.0868994+05:00","level":"INFO","msg":"request completed","component":"middleware/logger","method":"GET","path":"/url/metrics","remote_addr":"[::1]:58002","user_agent":"Prometheus/2.51.1","request_id":"LAPTOP-TN2607IT/oTPdxJDPE8-000175","status":200,"bytes":1502,"duration":"1.5824ms"}
{"time":"2024-06-07T23:46:35.0756463+05:00","level":"INFO","msg":"request completed","component":"middleware/logger","method":"GET","path":"/url/metrics","remote_addr":"[::1]:58002","user_agent":"Prometheus/2.51.1","request_id":"LAPTOP-TN2607IT/oTPdxJDPE8-000176","status":200,"bytes":1499,"duration":"506.1µs"}
{"time":"2024-06-07T23:46:40.0880624+05:00","level":"INFO","msg":"request completed","component":"middleware/logger","method":"GET","path":"/url/metrics","remote_addr":"[::1]:58002","user_agent":"Prometheus/2.51.1","request_id":"LAPTOP-TN2607IT/oTPdxJDPE8-000177","status":200,"bytes":1502,"duration":"1.0286ms"}
{"time":"2024-06-07T23:46:45.0846994+05:00","level":"INFO","msg":"request completed","component":"middleware/logger","method":"GET","path":"/url/metrics","remote_addr":"[::1]:58002","user_agent":"Prometheus/2.51.1","request_id":"LAPTOP-TN2607IT/oTPdxJDPE8-000178","status":200,"bytes":1495,"duration":"586.4µs"}
{"time":"2024-06-07T23:46:50.0808468+05:00","level":"INFO","msg":"request completed","component":"middleware/logger","method":"GET","path":"/url/metrics","remote_addr":"[::1]:58002","user_agent":"Prometheus/2.51.1","request_id":"LAPTOP-TN2607IT/oTPdxJDPE8-000179","status":200,"bytes":1497,"duration":"512.3µs"}
{"time":"2024-06-07T23:46:55.079686+05:00","level":"INFO","msg":"request completed","component":"middleware/logger","method":"GET","path":"/url/metrics","remote_addr":"[::1]:58002","user_agent":"Prometheus/2.51.1","request_id":"LAPTOP-TN2607IT/oTPdxJDPE8-000180","status":200,"bytes":1497,"duration":"160µs"}
{"time":"2024-06-07T23:47:00.0855235+05:00","level":"INFO","msg":"request completed","component":"middleware/logger","method":"GET","path":"/url/metrics","remote_addr":"[::1]:58002","user_agent":"Prometheus/2.51.1","request_id":"LAPTOP-TN2607IT/oTPdxJDPE8-000181","status":200,"bytes":1496,"duration":"508.1µs"}
{"time":"2024-06-07T23:47:05.0866909+05:00","level":"INFO","msg":"request completed","component":"middleware/logger","method":"GET","path":"/url/metrics","remote_addr":"[::1]:58002","user_agent":"Prometheus/2.51.1","request_id":"LAPTOP-TN2607IT/oTPdxJDPE8-000182","status":200,"bytes":1495,"duration":"577.1µs"}
{"time":"2024-06-07T23:47:10.0841779+05:00","level":"INFO","msg":"request completed","component":"middleware/logger","method":"GET","path":"/url/metrics","remote_addr":"[::1]:58002","user_agent":"Prometheus/2.51.1","request_id":"LAPTOP-TN2607IT/oTPdxJDPE8-000183","status":200,"bytes":1491,"duration":"506.9µs"}
{"time":"2024-06-07T23:47:15.0900657+05:00","level":"INFO","msg":"request completed","component":"middleware/logger","method":"GET","path":"/url/metrics","remote_addr":"[::1]:58002","user_agent":"Prometheus/2.51.1","request_id":"LAPTOP-TN2607IT/oTPdxJDPE8-000184","status":200,"bytes":1500,"duration":"0s"}
{"time":"2024-06-07T23:47:20.0768432+05:00","level":"INFO","msg":"request completed","component":"middleware/logger","method":"GET","path":"/url/metrics","remote_addr":"[::1]:58002","user_agent":"Prometheus/2.51.1","request_id":"LAPTOP-TN2607IT/oTPdxJDPE8-000185","status":200,"bytes":1499,"duration":"1.1164ms"}
{"time":"2024-06-07T23:47:25.0819583+05:00","level":"INFO","msg":"request completed","component":"middleware/logger","method":"GET","path":"/url/metrics","remote_addr":"[::1]:58002","user_agent":"Prometheus/2.51.1","request_id":"LAPTOP-TN2607IT/oTPdxJDPE8-000186","status":200,"bytes":1496,"duration":"506.5µs"}
{"time":"2024-06-07T23:47:30.0851256+05:00","level":"INFO","msg":"request completed","component":"middleware/logger","method":"GET","path":"/url/metrics","remote_addr":"[::1]:58002","user_agent":"Prometheus/2.51.1","request_id":"LAPTOP-TN2607IT/oTPdxJDPE8-000187","status":200,"bytes":1500,"duration":"506.7µs"}
{"time":"2024-06-07T23:47:34.864805+05:00","level":"INFO","msg":"request completed","component":"middleware/logger","method":"GET","path":"/url/metrics","remote_addr":"127.0.0.1:59073","user_agent":"Mozilla/5.0 (Windows NT 10.0; Win64; x64; rv:126.0) Gecko/20100101 Firefox/126.0","request_id":"LAPTOP-TN2607IT/oTPdxJDPE8-000188","status":200,"bytes":1498,"duration":"999.9µs"}
{"time":"2024-06-07T23:47:35.0796438+05:00","level":"INFO","msg":"request completed","component":"middleware/logger","method":"GET","path":"/url/metrics","remote_addr":"[::1]:58002","user_agent":"Prometheus/2.51.1","request_id":"LAPTOP-TN2607IT/oTPdxJDPE8-000189","status":200,"bytes":1495,"duration":"506.7µs"}
{"time":"2024-06-07T23:47:40.0908145+05:00","level":"INFO","msg":"request completed","component":"middleware/logger","method":"GET","path":"/url/metrics","remote_addr":"[::1]:58002","user_agent":"Prometheus/2.51.1","request_id":"LAPTOP-TN2607IT/oTPdxJDPE8-000190","status":200,"bytes":1496,"duration":"1.0508ms"}
{"time":"2024-06-07T23:47:45.0859293+05:00","level":"INFO","msg":"request completed","component":"middleware/logger","method":"GET","path":"/url/metrics","remote_addr":"[::1]:58002","user_agent":"Prometheus/2.51.1","request_id":"LAPTOP-TN2607IT/oTPdxJDPE8-000191","status":200,"bytes":1497,"duration":"510.9µs"}
{"time":"2024-06-07T23:47:50.0765148+05:00","level":"INFO","msg":"request completed","component":"middleware/logger","method":"GET","path":"/url/metrics","remote_addr":"[::1]:58002","user_agent":"Prometheus/2.51.1","request_id":"LAPTOP-TN2607IT/oTPdxJDPE8-000192","status":200,"bytes":1495,"duration":"507.8µs"}
{"time":"2024-06-07T23:47:55.0820841+05:00","level":"INFO","msg":"request completed","component":"middleware/logger","method":"GET","path":"/url/metrics","remote_addr":"[::1]:58002","user_agent":"Prometheus/2.51.1","request_id":"LAPTOP-TN2607IT/oTPdxJDPE8-000193","status":200,"bytes":1497,"duration":"505.3µs"}
{"time":"2024-06-07T23:48:00.0798216+05:00","level":"INFO","msg":"request completed","component":"middleware/logger","method":"GET","path":"/url/metrics","remote_addr":"[::1]:58002","user_agent":"Prometheus/2.51.1","request_id":"LAPTOP-TN2607IT/oTPdxJDPE8-000194","status":200,"bytes":1500,"duration":"507.6µs"}
{"time":"2024-06-07T23:48:05.0763706+05:00","level":"INFO","msg":"request completed","component":"middleware/logger","method":"GET","path":"/url/metrics","remote_addr":"[::1]:58002","user_agent":"Prometheus/2.51.1","request_id":"LAPTOP-TN2607IT/oTPdxJDPE8-000195","status":200,"bytes":1497,"duration":"511.7µs"}
{"time":"2024-06-07T23:48:10.0861585+05:00","level":"INFO","msg":"request completed","component":"middleware/logger","method":"GET","path":"/url/metrics","remote_addr":"[::1]:58002","user_agent":"Prometheus/2.51.1","request_id":"LAPTOP-TN2607IT/oTPdxJDPE8-000196","status":200,"bytes":1499,"duration":"534.5µs"}
{"time":"2024-06-07T23:48:15.0761155+05:00","level":"INFO","msg":"request completed","component":"middleware/logger","method":"GET","path":"/url/metrics","remote_addr":"[::1]:58002","user_agent":"Prometheus/2.51.1","request_id":"LAPTOP-TN2607IT/oTPdxJDPE8-000197","status":200,"bytes":1502,"duration":"513.9µs"}
{"time":"2024-06-07T23:48:20.0774853+05:00","level":"INFO","msg":"request completed","component":"middleware/logger","method":"GET","path":"/url/metrics","remote_addr":"[::1]:58002","user_agent":"Prometheus/2.51.1","request_id":"LAPTOP-TN2607IT/oTPdxJDPE8-000198","status":200,"bytes":1500,"duration":"507.2µs"}
{"time":"2024-06-07T23:48:25.0913995+05:00","level":"INFO","msg":"request completed","component":"middleware/logger","method":"GET","path":"/url/metrics","remote_addr":"[::1]:58002","user_agent":"Prometheus/2.51.1","request_id":"LAPTOP-TN2607IT/oTPdxJDPE8-000199","status":200,"bytes":1498,"duration":"196.7µs"}
{"time":"2024-06-07T23:48:30.0889646+05:00","level":"INFO","msg":"request completed","component":"middleware/logger","method":"GET","path":"/url/metrics","remote_addr":"[::1]:58002","user_agent":"Prometheus/2.51.1","request_id":"LAPTOP-TN2607IT/oTPdxJDPE8-000200","status":200,"bytes":1502,"duration":"337.6µs"}
{"time":"2024-06-07T23:48:35.07817+05:00","level":"INFO","msg":"request completed","component":"middleware/logger","method":"GET","path":"/url/metrics","remote_addr":"[::1]:58002","user_agent":"Prometheus/2.51.1","request_id":"LAPTOP-TN2607IT/oTPdxJDPE8-000201","status":200,"bytes":1500,"duration":"506.8µs"}
{"time":"2024-06-07T23:48:40.0883957+05:00","level":"INFO","msg":"request completed","component":"middleware/logger","method":"GET","path":"/url/metrics","remote_addr":"[::1]:58002","user_agent":"Prometheus/2.51.1","request_id":"LAPTOP-TN2607IT/oTPdxJDPE8-000202","status":200,"bytes":1498,"duration":"0s"}
{"time":"2024-06-07T23:48:45.0818645+05:00","level":"INFO","msg":"request completed","component":"middleware/logger","method":"GET","path":"/url/metrics","remote_addr":"[::1]:58002","user_agent":"Prometheus/2.51.1","request_id":"LAPTOP-TN2607IT/oTPdxJDPE8-000203","status":200,"bytes":1497,"duration":"507µs"}
{"time":"2024-06-07T23:48:50.0858701+05:00","level":"INFO","msg":"request completed","component":"middleware/logger","method":"GET","path":"/url/metrics","remote_addr":"[::1]:58002","user_agent":"Prometheus/2.51.1","request_id":"LAPTOP-TN2607IT/oTPdxJDPE8-000204","status":200,"bytes":1494,"duration":"0s"}
{"time":"2024-06-07T23:48:55.0907383+05:00","level":"INFO","msg":"request completed","component":"middleware/logger","method":"GET","path":"/url/metrics","remote_addr":"[::1]:58002","user_agent":"Prometheus/2.51.1","request_id":"LAPTOP-TN2607IT/oTPdxJDPE8-000205","status":200,"bytes":1497,"duration":"506µs"}
{"time":"2024-06-07T23:49:00.0774531+05:00","level":"INFO","msg":"request completed","component":"middleware/logger","method":"GET","path":"/url/metrics","remote_addr":"[::1]:58002","user_agent":"Prometheus/2.51.1","request_id":"LAPTOP-TN2607IT/oTPdxJDPE8-000206","status":200,"bytes":1497,"duration":"1.0535ms"}
{"time":"2024-06-07T23:49:05.0804995+05:00","level":"INFO","msg":"request completed","component":"middleware/logger","method":"GET","path":"/url/metrics","remote_addr":"[::1]:58002","user_agent":"Prometheus/2.51.1","request_id":"LAPTOP-TN2607IT/oTPdxJDPE8-000207","status":200,"bytes":1497,"duration":"512.2µs"}
{"time":"2024-06-07T23:49:10.0906313+05:00","level":"INFO","msg":"request completed","component":"middleware/logger","method":"GET","path":"/url/metrics","remote_addr":"[::1]:58002","user_agent":"Prometheus/2.51.1","request_id":"LAPTOP-TN2607IT/oTPdxJDPE8-000208","status":200,"bytes":1499,"duration":"780µs"}
{"time":"2024-06-07T23:49:15.0891393+05:00","level":"INFO","msg":"request completed","component":"middleware/logger","method":"GET","path":"/url/metrics","remote_addr":"[::1]:58002","user_agent":"Prometheus/2.51.1","request_id":"LAPTOP-TN2607IT/oTPdxJDPE8-000209","status":200,"bytes":1497,"duration":"697.9µs"}
{"time":"2024-06-07T23:49:20.0835294+05:00","level":"INFO","msg":"request completed","component":"middleware/logger","method":"GET","path":"/url/metrics","remote_addr":"[::1]:58002","user_agent":"Prometheus/2.51.1","request_id":"LAPTOP-TN2607IT/oTPdxJDPE8-000210","status":200,"bytes":1498,"duration":"509.2µs"}
{"time":"2024-06-07T23:49:25.0900733+05:00","level":"INFO","msg":"request completed","component":"middleware/logger","method":"GET","path":"/url/metrics","remote_addr":"[::1]:58002","user_agent":"Prometheus/2.51.1","request_id":"LAPTOP-TN2607IT/oTPdxJDPE8-000211","status":200,"bytes":1500,"duration":"996.9µs"}
{"time":"2024-06-07T23:49:30.0813796+05:00","level":"INFO","msg":"request completed","component":"middleware/logger","method":"GET","path":"/url/metrics","remote_addr":"[::1]:58002","user_agent":"Prometheus/2.51.1","request_id":"LAPTOP-TN2607IT/oTPdxJDPE8-000212","status":200,"bytes":1499,"duration":"0s"}
{"time":"2024-06-07T23:49:35.0817301+05:00","level":"INFO","msg":"request completed","component":"middleware/logger","method":"GET","path":"/url/metrics","remote_addr":"[::1]:58002","user_agent":"Prometheus/2.51.1","request_id":"LAPTOP-TN2607IT/oTPdxJDPE8-000213","status":200,"bytes":1498,"duration":"566.9µs"}
{"time":"2024-06-07T23:49:40.0791536+05:00","level":"INFO","msg":"request completed","component":"middleware/logger","method":"GET","path":"/url/metrics","remote_addr":"[::1]:58002","user_agent":"Prometheus/2.51.1","request_id":"LAPTOP-TN2607IT/oTPdxJDPE8-000214","status":200,"bytes":1501,"duration":"505.7µs"}
{"time":"2024-06-07T23:49:45.0850328+05:00","level":"INFO","msg":"request completed","component":"middleware/logger","method":"GET","path":"/url/metrics","remote_addr":"[::1]:58002","user_agent":"Prometheus/2.51.1","request_id":"LAPTOP-TN2607IT/oTPdxJDPE8-000215","status":200,"bytes":1501,"duration":"506.1µs"}
{"time":"2024-06-07T23:49:50.0835454+05:00","level":"INFO","msg":"request completed","component":"middleware/logger","method":"GET","path":"/url/metrics","remote_addr":"[::1]:58002","user_agent":"Prometheus/2.51.1","request_id":"LAPTOP-TN2607IT/oTPdxJDPE8-000216","status":200,"bytes":1502,"duration":"0s"}
{"time":"2024-06-07T23:49:55.087278+05:00","level":"INFO","msg":"request completed","component":"middleware/logger","method":"GET","path":"/url/metrics","remote_addr":"[::1]:58002","user_agent":"Prometheus/2.51.1","request_id":"LAPTOP-TN2607IT/oTPdxJDPE8-000217","status":200,"bytes":1505,"duration":"505.5µs"}
{"time":"2024-06-07T23:50:00.0852062+05:00","level":"INFO","msg":"request completed","component":"middleware/logger","method":"GET","path":"/url/metrics","remote_addr":"[::1]:58002","user_agent":"Prometheus/2.51.1","request_id":"LAPTOP-TN2607IT/oTPdxJDPE8-000218","status":200,"bytes":1502,"duration":"518.9µs"}
{"time":"2024-06-07T23:50:05.0908965+05:00","level":"INFO","msg":"request completed","component":"middleware/logger","method":"GET","path":"/url/metrics","remote_addr":"[::1]:58002","user_agent":"Prometheus/2.51.1","request_id":"LAPTOP-TN2607IT/oTPdxJDPE8-000219","status":200,"bytes":1501,"duration":"527.3µs"}
{"time":"2024-06-07T23:50:10.0758527+05:00","level":"INFO","msg":"request completed","component":"middleware/logger","method":"GET","path":"/url/metrics","remote_addr":"[::1]:58002","user_agent":"Prometheus/2.51.1","request_id":"LAPTOP-TN2607IT/oTPdxJDPE8-000220","status":200,"bytes":1497,"duration":"505.9µs"}
{"time":"2024-06-07T23:50:15.0779857+05:00","level":"INFO","msg":"request completed","component":"middleware/logger","method":"GET","path":"/url/metrics","remote_addr":"[::1]:58002","user_agent":"Prometheus/2.51.1","request_id":"LAPTOP-TN2607IT/oTPdxJDPE8-000221","status":200,"bytes":1496,"duration":"507.4µs"}
{"time":"2024-06-07T23:50:20.0789664+05:00","level":"INFO","msg":"request completed","component":"middleware/logger","method":"GET","path":"/url/metrics","remote_addr":"[::1]:58002","user_agent":"Prometheus/2.51.1","request_id":"LAPTOP-TN2607IT/oTPdxJDPE8-000222","status":200,"bytes":1504,"duration":"505.9µs"}
{"time":"2024-06-07T23:50:25.0899484+05:00","level":"INFO","msg":"request completed","component":"middleware/logger","method":"GET","path":"/url/metrics","remote_addr":"[::1]:58002","user_agent":"Prometheus/2.51.1","request_id":"LAPTOP-TN2607IT/oTPdxJDPE8-000223","status":200,"bytes":1500,"duration":"141µs"}
{"time":"2024-06-07T23:50:30.0865061+05:00","level":"INFO","msg":"request completed","component":"middleware/logger","method":"GET","path":"/url/metrics","remote_addr":"[::1]:58002","user_agent":"Prometheus/2.51.1","request_id":"LAPTOP-TN2607IT/oTPdxJDPE8-000224","status":200,"bytes":1506,"duration":"507.8µs"}
{"time":"2024-06-07T23:50:35.0778807+05:00","level":"INFO","msg":"request completed","component":"middleware/logger","method":"GET","path":"/url/metrics","remote_addr":"[::1]:58002","user_agent":"Prometheus/2.51.1","request_id":"LAPTOP-TN2607IT/oTPdxJDPE8-000225","status":200,"bytes":1506,"duration":"506.8µs"}
{"time":"2024-06-07T23:50:40.0763691+05:00","level":"INFO","msg":"request completed","component":"middleware/logger","method":"GET","path":"/url/metrics","remote_addr":"[::1]:58002","user_agent":"Prometheus/2.51.1","request_id":"LAPTOP-TN2607IT/oTPdxJDPE8-000226","status":200,"bytes":1502,"duration":"505.3µs"}
{"time":"2024-06-07T23:50:45.0778997+05:00","level":"INFO","msg":"request completed","component":"middleware/logger","method":"GET","path":"/url/metrics","remote_addr":"[::1]:58002","user_agent":"Prometheus/2.51.1","request_id":"LAPTOP-TN2607IT/oTPdxJDPE8-000227","status":200,"bytes":1501,"duration":"221µs"}
{"time":"2024-06-07T23:50:50.076137+05:00","level":"INFO","msg":"request completed","component":"middleware/logger","method":"GET","path":"/url/metrics","remote_addr":"[::1]:58002","user_agent":"Prometheus/2.51.1","request_id":"LAPTOP-TN2607IT/oTPdxJDPE8-000228","status":200,"bytes":1496,"duration":"508.5µs"}
{"time":"2024-06-07T23:50:55.0763842+05:00","level":"INFO","msg":"request completed","component":"middleware/logger","method":"GET","path":"/url/metrics","remote_addr":"[::1]:58002","user_agent":"Prometheus/2.51.1","request_id":"LAPTOP-TN2607IT/oTPdxJDPE8-000229","status":200,"bytes":1499,"duration":"1.0095ms"}
{"time":"2024-06-07T23:51:00.0829452+05:00","level":"INFO","msg":"request completed","component":"middleware/logger","method":"GET","path":"/url/metrics","remote_addr":"[::1]:58002","user_agent":"Prometheus/2.51.1","request_id":"LAPTOP-TN2607IT/oTPdxJDPE8-000230","status":200,"bytes":1499,"duration":"507.4µs"}
{"time":"2024-06-07T23:51:05.081666+05:00","level":"INFO","msg":"request completed","component":"middleware/logger","method":"GET","path":"/url/metrics","remote_addr":"[::1]:58002","user_agent":"Prometheus/2.51.1","request_id":"LAPTOP-TN2607IT/oTPdxJDPE8-000231","status":200,"bytes":1501,"duration":"504.7µs"}
{"time":"2024-06-07T23:51:10.0900443+05:00","level":"INFO","msg":"request completed","component":"middleware/logger","method":"GET","path":"/url/metrics","remote_addr":"[::1]:58002","user_agent":"Prometheus/2.51.1","request_id":"LAPTOP-TN2607IT/oTPdxJDPE8-000232","status":200,"bytes":1502,"duration":"220.8µs"}
{"time":"2024-06-07T23:51:15.0820626+05:00","level":"INFO","msg":"request completed","component":"middleware/logger","method":"GET","path":"/url/metrics","remote_addr":"[::1]:58002","user_agent":"Prometheus/2.51.1","request_id":"LAPTOP-TN2607IT/oTPdxJDPE8-000233","status":200,"bytes":1500,"duration":"506.3µs"}
{"time":"2024-06-07T23:51:20.0774255+05:00","level":"INFO","msg":"request completed","component":"middleware/logger","method":"GET","path":"/url/metrics","remote_addr":"[::1]:58002","user_agent":"Prometheus/2.51.1","request_id":"LAPTOP-TN2607IT/oTPdxJDPE8-000234","status":200,"bytes":1498,"duration":"507.5µs"}
{"time":"2024-06-07T23:51:25.0814411+05:00","level":"INFO","msg":"request completed","component":"middleware/logger","method":"GET","path":"/url/metrics","remote_addr":"[::1]:58002","user_agent":"Prometheus/2.51.1","request_id":"LAPTOP-TN2607IT/oTPdxJDPE8-000235","status":200,"bytes":1503,"duration":"600.3µs"}
{"time":"2024-06-07T23:51:30.0842105+05:00","level":"INFO","msg":"request completed","component":"middleware/logger","method":"GET","path":"/url/metrics","remote_addr":"[::1]:58002","user_agent":"Prometheus/2.51.1","request_id":"LAPTOP-TN2607IT/oTPdxJDPE8-000236","status":200,"bytes":1499,"duration":"1.043ms"}
{"time":"2024-06-07T23:51:35.0792098+05:00","level":"INFO","msg":"request completed","component":"middleware/logger","method":"GET","path":"/url/metrics","remote_addr":"[::1]:58002","user_agent":"Prometheus/2.51.1","request_id":"LAPTOP-TN2607IT/oTPdxJDPE8-000237","status":200,"bytes":1500,"duration":"712.5µs"}
{"time":"2024-06-07T23:51:40.0893318+05:00","level":"INFO","msg":"request completed","component":"middleware/logger","method":"GET","path":"/url/metrics","remote_addr":"[::1]:58002","user_agent":"Prometheus/2.51.1","request_id":"LAPTOP-TN2607IT/oTPdxJDPE8-000238","status":200,"bytes":1502,"duration":"544.2µs"}
{"time":"2024-06-07T23:51:45.0786983+05:00","level":"INFO","msg":"request completed","component":"middleware/logger","method":"GET","path":"/url/metrics","remote_addr":"[::1]:58002","user_agent":"Prometheus/2.51.1","request_id":"LAPTOP-TN2607IT/oTPdxJDPE8-000239","status":200,"bytes":1503,"duration":"509.4µs"}
{"time":"2024-06-07T23:51:50.0794755+05:00","level":"INFO","msg":"request completed","component":"middleware/logger","method":"GET","path":"/url/metrics","remote_addr":"[::1]:58002","user_agent":"Prometheus/2.51.1","request_id":"LAPTOP-TN2607IT/oTPdxJDPE8-000240","status":200,"bytes":1499,"duration":"1.0358ms"}
{"time":"2024-06-07T23:51:55.0770337+05:00","level":"INFO","msg":"request completed","component":"middleware/logger","method":"GET","path":"/url/metrics","remote_addr":"[::1]:58002","user_agent":"Prometheus/2.51.1","request_id":"LAPTOP-TN2607IT/oTPdxJDPE8-000241","status":200,"bytes":1497,"duration":"75.3µs"}
{"time":"2024-06-07T23:52:00.07611+05:00","level":"INFO","msg":"request completed","component":"middleware/logger","method":"GET","path":"/url/metrics","remote_addr":"[::1]:58002","user_agent":"Prometheus/2.51.1","request_id":"LAPTOP-TN2607IT/oTPdxJDPE8-000242","status":200,"bytes":1503,"duration":"507.4µs"}
{"time":"2024-06-07T23:52:05.085298+05:00","level":"INFO","msg":"request completed","component":"middleware/logger","method":"GET","path":"/url/metrics","remote_addr":"[::1]:58002","user_agent":"Prometheus/2.51.1","request_id":"LAPTOP-TN2607IT/oTPdxJDPE8-000243","status":200,"bytes":1505,"duration":"610.5µs"}
{"time":"2024-06-07T23:52:10.0837998+05:00","level":"INFO","msg":"request completed","component":"middleware/logger","method":"GET","path":"/url/metrics","remote_addr":"[::1]:58002","user_agent":"Prometheus/2.51.1","request_id":"LAPTOP-TN2607IT/oTPdxJDPE8-000244","status":200,"bytes":1500,"duration":"505.7µs"}
{"time":"2024-06-07T23:52:15.0771471+05:00","level":"INFO","msg":"request completed","component":"middleware/logger","method":"GET","path":"/url/metrics","remote_addr":"[::1]:58002","user_agent":"Prometheus/2.51.1","request_id":"LAPTOP-TN2607IT/oTPdxJDPE8-000245","status":200,"bytes":1503,"duration":"0s"}
{"time":"2024-06-07T23:52:20.0817359+05:00","level":"INFO","msg":"request completed","component":"middleware/logger","method":"GET","path":"/url/metrics","remote_addr":"[::1]:58002","user_agent":"Prometheus/2.51.1","request_id":"LAPTOP-TN2607IT/oTPdxJDPE8-000246","status":200,"bytes":1500,"duration":"581.8µs"}
{"time":"2024-06-07T23:52:25.0843755+05:00","level":"INFO","msg":"request completed","component":"middleware/logger","method":"GET","path":"/url/metrics","remote_addr":"[::1]:58002","user_agent":"Prometheus/2.51.1","request_id":"LAPTOP-TN2607IT/oTPdxJDPE8-000247","status":200,"bytes":1505,"duration":"508.3µs"}
{"time":"2024-06-07T23:52:30.0805845+05:00","level":"INFO","msg":"request completed","component":"middleware/logger","method":"GET","path":"/url/metrics","remote_addr":"[::1]:58002","user_agent":"Prometheus/2.51.1","request_id":"LAPTOP-TN2607IT/oTPdxJDPE8-000248","status":200,"bytes":1506,"duration":"507.3µs"}
{"time":"2024-06-07T23:52:35.0759442+05:00","level":"INFO","msg":"request completed","component":"middleware/logger","method":"GET","path":"/url/metrics","remote_addr":"[::1]:58002","user_agent":"Prometheus/2.51.1","request_id":"LAPTOP-TN2607IT/oTPdxJDPE8-000249","status":200,"bytes":1505,"duration":"505.3µs"}
{"time":"2024-06-07T23:52:40.078703+05:00","level":"INFO","msg":"request completed","component":"middleware/logger","method":"GET","path":"/url/metrics","remote_addr":"[::1]:58002","user_agent":"Prometheus/2.51.1","request_id":"LAPTOP-TN2607IT/oTPdxJDPE8-000250","status":200,"bytes":1504,"duration":"1.1066ms"}
{"time":"2024-06-07T23:52:45.0947899+05:00","level":"INFO","msg":"request completed","component":"middleware/logger","method":"GET","path":"/url/metrics","remote_addr":"[::1]:58002","user_agent":"Prometheus/2.51.1","request_id":"LAPTOP-TN2607IT/oTPdxJDPE8-000251","status":200,"bytes":1506,"duration":"7.5956ms"}
{"time":"2024-06-07T23:52:50.0888243+05:00","level":"INFO","msg":"request completed","component":"middleware/logger","method":"GET","path":"/url/metrics","remote_addr":"[::1]:58002","user_agent":"Prometheus/2.51.1","request_id":"LAPTOP-TN2607IT/oTPdxJDPE8-000252","status":200,"bytes":1498,"duration":"506.3µs"}
{"time":"2024-06-07T23:52:55.0899304+05:00","level":"INFO","msg":"request completed","component":"middleware/logger","method":"GET","path":"/url/metrics","remote_addr":"[::1]:58002","user_agent":"Prometheus/2.51.1","request_id":"LAPTOP-TN2607IT/oTPdxJDPE8-000253","status":200,"bytes":1495,"duration":"504.8µs"}
{"time":"2024-06-07T23:53:00.0906735+05:00","level":"INFO","msg":"request completed","component":"middleware/logger","method":"GET","path":"/url/metrics","remote_addr":"[::1]:58002","user_agent":"Prometheus/2.51.1","request_id":"LAPTOP-TN2607IT/oTPdxJDPE8-000254","status":200,"bytes":1500,"duration":"506.9µs"}
{"time":"2024-06-07T23:53:05.0878965+05:00","level":"INFO","msg":"request completed","component":"middleware/logger","method":"GET","path":"/url/metrics","remote_addr":"[::1]:58002","user_agent":"Prometheus/2.51.1","request_id":"LAPTOP-TN2607IT/oTPdxJDPE8-000255","status":200,"bytes":1497,"duration":"0s"}
{"time":"2024-06-07T23:53:10.0827513+05:00","level":"INFO","msg":"request completed","component":"middleware/logger","method":"GET","path":"/url/metrics","remote_addr":"[::1]:58002","user_agent":"Prometheus/2.51.1","request_id":"LAPTOP-TN2607IT/oTPdxJDPE8-000256","status":200,"bytes":1495,"duration":"624.4µs"}
{"time":"2024-06-07T23:53:15.0917439+05:00","level":"INFO","msg":"request completed","component":"middleware/logger","method":"GET","path":"/url/metrics","remote_addr":"[::1]:58002","user_agent":"Prometheus/2.51.1","request_id":"LAPTOP-TN2607IT/oTPdxJDPE8-000257","status":200,"bytes":1496,"duration":"1.5645ms"}
{"time":"2024-06-07T23:53:20.0794824+05:00","level":"INFO","msg":"request completed","component":"middleware/logger","method":"GET","path":"/url/metrics","remote_addr":"[::1]:58002","user_agent":"Prometheus/2.51.1","request_id":"LAPTOP-TN2607IT/oTPdxJDPE8-000258","status":200,"bytes":1496,"duration":"505.9µs"}
{"time":"2024-06-07T23:53:25.0843048+05:00","level":"INFO","msg":"request completed","component":"middleware/logger","method":"GET","path":"/url/metrics","remote_addr":"[::1]:58002","user_agent":"Prometheus/2.51.1","request_id":"LAPTOP-TN2607IT/oTPdxJDPE8-000259","status":200,"bytes":1504,"duration":"1.0333ms"}
{"time":"2024-06-07T23:53:30.0798904+05:00","level":"INFO","msg":"request completed","component":"middleware/logger","method":"GET","path":"/url/metrics","remote_addr":"[::1]:58002","user_agent":"Prometheus/2.51.1","request_id":"LAPTOP-TN2607IT/oTPdxJDPE8-000260","status":200,"bytes":1500,"duration":"507.7µs"}
{"time":"2024-06-07T23:53:35.0759765+05:00","level":"INFO","msg":"request completed","component":"middleware/logger","method":"GET","path":"/url/metrics","remote_addr":"[::1]:58002","user_agent":"Prometheus/2.51.1","request_id":"LAPTOP-TN2607IT/oTPdxJDPE8-000261","status":200,"bytes":1500,"duration":"536.7µs"}
{"time":"2024-06-07T23:53:40.0869525+05:00","level":"INFO","msg":"request completed","component":"middleware/logger","method":"GET","path":"/url/metrics","remote_addr":"[::1]:58002","user_agent":"Prometheus/2.51.1","request_id":"LAPTOP-TN2607IT/oTPdxJDPE8-000262","status":200,"bytes":1496,"duration":"130.1µs"}
{"time":"2024-06-07T23:53:45.081267+05:00","level":"INFO","msg":"request completed","component":"middleware/logger","method":"GET","path":"/url/metrics","remote_addr":"[::1]:58002","user_agent":"Prometheus/2.51.1","request_id":"LAPTOP-TN2607IT/oTPdxJDPE8-000263","status":200,"bytes":1501,"duration":"504.9µs"}
{"time":"2024-06-07T23:53:50.083195+05:00","level":"INFO","msg":"request completed","component":"middleware/logger","method":"GET","path":"/url/metrics","remote_addr":"[::1]:58002","user_agent":"Prometheus/2.51.1","request_id":"LAPTOP-TN2607IT/oTPdxJDPE8-000264","status":200,"bytes":1505,"duration":"505.8µs"}
{"time":"2024-06-07T23:53:55.0879949+05:00","level":"INFO","msg":"request completed","component":"middleware/logger","method":"GET","path":"/url/metrics","remote_addr":"[::1]:58002","user_agent":"Prometheus/2.51.1","request_id":"LAPTOP-TN2607IT/oTPdxJDPE8-000265","status":200,"bytes":1500,"duration":"509.3µs"}
{"time":"2024-06-07T23:54:00.0759259+05:00","level":"INFO","msg":"request completed","component":"middleware/logger","method":"GET","path":"/url/metrics","remote_addr":"[::1]:58002","user_agent":"Prometheus/2.51.1","request_id":"LAPTOP-TN2607IT/oTPdxJDPE8-000266","status":200,"bytes":1502,"duration":"532.7µs"}
{"time":"2024-06-07T23:54:05.0787198+05:00","level":"INFO","msg":"request completed","component":"middleware/logger","method":"GET","path":"/url/metrics","remote_addr":"[::1]:58002","user_agent":"Prometheus/2.51.1","request_id":"LAPTOP-TN2607IT/oTPdxJDPE8-000267","status":200,"bytes":1500,"duration":"571.8µs"}
{"time":"2024-06-07T23:54:10.0837182+05:00","level":"INFO","msg":"request completed","component":"middleware/logger","method":"GET","path":"/url/metrics","remote_addr":"[::1]:58002","user_agent":"Prometheus/2.51.1","request_id":"LAPTOP-TN2607IT/oTPdxJDPE8-000268","status":200,"bytes":1499,"duration":"618.2µs"}
{"time":"2024-06-07T23:54:15.0901342+05:00","level":"INFO","msg":"request completed","component":"middleware/logger","method":"GET","path":"/url/metrics","remote_addr":"[::1]:58002","user_agent":"Prometheus/2.51.1","request_id":"LAPTOP-TN2607IT/oTPdxJDPE8-000269","status":200,"bytes":1503,"duration":"506.1µs"}
{"time":"2024-06-07T23:54:20.0788679+05:00","level":"INFO","msg":"request completed","component":"middleware/logger","method":"GET","path":"/url/metrics","remote_addr":"[::1]:58002","user_agent":"Prometheus/2.51.1","request_id":"LAPTOP-TN2607IT/oTPdxJDPE8-000270","status":200,"bytes":1501,"duration":"1.0573ms"}
{"time":"2024-06-07T23:54:25.0836334+05:00","level":"INFO","msg":"request completed","component":"middleware/logger","method":"GET","path":"/url/metrics","remote_addr":"[::1]:58002","user_agent":"Prometheus/2.51.1","request_id":"LAPTOP-TN2607IT/oTPdxJDPE8-000271","status":200,"bytes":1496,"duration":"507.4µs"}
{"time":"2024-06-07T23:54:30.085623+05:00","level":"INFO","msg":"request completed","component":"middleware/logger","method":"GET","path":"/url/metrics","remote_addr":"[::1]:58002","user_agent":"Prometheus/2.51.1","request_id":"LAPTOP-TN2607IT/oTPdxJDPE8-000272","status":200,"bytes":1501,"duration":"505.6µs"}
{"time":"2024-06-07T23:54:35.0811533+05:00","level":"INFO","msg":"request completed","component":"middleware/logger","method":"GET","path":"/url/metrics","remote_addr":"[::1]:58002","user_agent":"Prometheus/2.51.1","request_id":"LAPTOP-TN2607IT/oTPdxJDPE8-000273","status":200,"bytes":1502,"duration":"510.3µs"}
{"time":"2024-06-07T23:54:40.0799364+05:00","level":"INFO","msg":"request completed","component":"middleware/logger","method":"GET","path":"/url/metrics","remote_addr":"[::1]:58002","user_agent":"Prometheus/2.51.1","request_id":"LAPTOP-TN2607IT/oTPdxJDPE8-000274","status":200,"bytes":1501,"duration":"508µs"}
{"time":"2024-06-07T23:54:45.0874954+05:00","level":"INFO","msg":"request completed","component":"middleware/logger","method":"GET","path":"/url/metrics","remote_addr":"[::1]:58002","user_agent":"Prometheus/2.51.1","request_id":"LAPTOP-TN2607IT/oTPdxJDPE8-000275","status":200,"bytes":1501,"duration":"507.1µs"}
{"time":"2024-06-07T23:54:50.0866111+05:00","level":"INFO","msg":"request completed","component":"middleware/logger","method":"GET","path":"/url/metrics","remote_addr":"[::1]:58002","user_agent":"Prometheus/2.51.1","request_id":"LAPTOP-TN2607IT/oTPdxJDPE8-000276","status":200,"bytes":1499,"duration":"508.1µs"}
{"time":"2024-06-07T23:54:55.0796052+05:00","level":"INFO","msg":"request completed","component":"middleware/logger","method":"GET","path":"/url/metrics","remote_addr":"[::1]:58002","user_agent":"Prometheus/2.51.1","request_id":"LAPTOP-TN2607IT/oTPdxJDPE8-000277","status":200,"bytes":1499,"duration":"557.1µs"}
{"time":"2024-06-07T23:55:00.0888015+05:00","level":"INFO","msg":"request completed","component":"middleware/logger","method":"GET","path":"/url/metrics","remote_addr":"[::1]:58002","user_agent":"Prometheus/2.51.1","request_id":"LAPTOP-TN2607IT/oTPdxJDPE8-000278","status":200,"bytes":1499,"duration":"506.2µs"}
{"time":"2024-06-07T23:55:05.0888633+05:00","level":"INFO","msg":"request completed","component":"middleware/logger","method":"GET","path":"/url/metrics","remote_addr":"[::1]:58002","user_agent":"Prometheus/2.51.1","request_id":"LAPTOP-TN2607IT/oTPdxJDPE8-000279","status":200,"bytes":1498,"duration":"504.4µs"}
{"time":"2024-06-07T23:55:10.0845305+05:00","level":"INFO","msg":"request completed","component":"middleware/logger","method":"GET","path":"/url/metrics","remote_addr":"[::1]:58002","user_agent":"Prometheus/2.51.1","request_id":"LAPTOP-TN2607IT/oTPdxJDPE8-000280","status":200,"bytes":1499,"duration":"75.7µs"}
{"time":"2024-06-07T23:55:15.0879389+05:00","level":"INFO","msg":"request completed","component":"middleware/logger","method":"GET","path":"/url/metrics","remote_addr":"[::1]:58002","user_agent":"Prometheus/2.51.1","request_id":"LAPTOP-TN2607IT/oTPdxJDPE8-000281","status":200,"bytes":1499,"duration":"510µs"}
{"time":"2024-06-07T23:55:20.0837211+05:00","level":"INFO","msg":"request completed","component":"middleware/logger","method":"GET","path":"/url/metrics","remote_addr":"[::1]:58002","user_agent":"Prometheus/2.51.1","request_id":"LAPTOP-TN2607IT/oTPdxJDPE8-000282","status":200,"bytes":1497,"duration":"505.2µs"}
{"time":"2024-06-07T23:55:25.08456+05:00","level":"INFO","msg":"request completed","component":"middleware/logger","method":"GET","path":"/url/metrics","remote_addr":"[::1]:58002","user_agent":"Prometheus/2.51.1","request_id":"LAPTOP-TN2607IT/oTPdxJDPE8-000283","status":200,"bytes":1498,"duration":"0s"}
{"time":"2024-06-07T23:55:30.0785624+05:00","level":"INFO","msg":"request completed","component":"middleware/logger","method":"GET","path":"/url/metrics","remote_addr":"[::1]:58002","user_agent":"Prometheus/2.51.1","request_id":"LAPTOP-TN2607IT/oTPdxJDPE8-000284","status":200,"bytes":1495,"duration":"504µs"}
{"time":"2024-06-07T23:55:35.0860234+05:00","level":"INFO","msg":"request completed","component":"middleware/logger","method":"GET","path":"/url/metrics","remote_addr":"[::1]:58002","user_agent":"Prometheus/2.51.1","request_id":"LAPTOP-TN2607IT/oTPdxJDPE8-000285","status":200,"bytes":1499,"duration":"505.6µs"}
{"time":"2024-06-07T23:55:40.090734+05:00","level":"INFO","msg":"request completed","component":"middleware/logger","method":"GET","path":"/url/metrics","remote_addr":"[::1]:58002","user_agent":"Prometheus/2.51.1","request_id":"LAPTOP-TN2607IT/oTPdxJDPE8-000286","status":200,"bytes":1502,"duration":"784.2µs"}
{"time":"2024-06-07T23:55:45.0805957+05:00","level":"INFO","msg":"request completed","component":"middleware/logger","method":"GET","path":"/url/metrics","remote_addr":"[::1]:58002","user_agent":"Prometheus/2.51.1","request_id":"LAPTOP-TN2607IT/oTPdxJDPE8-000287","status":200,"bytes":1499,"duration":"506.2µs"}
{"time":"2024-06-07T23:55:50.0827909+05:00","level":"INFO","msg":"request completed","component":"middleware/logger","method":"GET","path":"/url/metrics","remote_addr":"[::1]:58002","user_agent":"Prometheus/2.51.1","request_id":"LAPTOP-TN2607IT/oTPdxJDPE8-000288","status":200,"bytes":1501,"duration":"505.4µs"}
{"time":"2024-06-07T23:55:55.0904251+05:00","level":"INFO","msg":"request completed","component":"middleware/logger","method":"GET","path":"/url/metrics","remote_addr":"[::1]:58002","user_agent":"Prometheus/2.51.1","request_id":"LAPTOP-TN2607IT/oTPdxJDPE8-000289","status":200,"bytes":1498,"duration":"0s"}
{"time":"2024-06-07T23:56:00.0797848+05:00","level":"INFO","msg":"request completed","component":"middleware/logger","method":"GET","path":"/url/metrics","remote_addr":"[::1]:58002","user_agent":"Prometheus/2.51.1","request_id":"LAPTOP-TN2607IT/oTPdxJDPE8-000290","status":200,"bytes":1496,"duration":"585.2µs"}
{"time":"2024-06-07T23:56:05.0762789+05:00","level":"INFO","msg":"request completed","component":"middleware/logger","method":"GET","path":"/url/metrics","remote_addr":"[::1]:58002","user_agent":"Prometheus/2.51.1","request_id":"LAPTOP-TN2607IT/oTPdxJDPE8-000291","status":200,"bytes":1498,"duration":"505.8µs"}
{"time":"2024-06-07T23:56:10.086115+05:00","level":"INFO","msg":"request completed","component":"middleware/logger","method":"GET","path":"/url/metrics","remote_addr":"[::1]:58002","user_agent":"Prometheus/2.51.1","request_id":"LAPTOP-TN2607IT/oTPdxJDPE8-000292","status":200,"bytes":1499,"duration":"0s"}
{"time":"2024-06-07T23:56:15.083579+05:00","level":"INFO","msg":"request completed","component":"middleware/logger","method":"GET","path":"/url/metrics","remote_addr":"[::1]:58002","user_agent":"Prometheus/2.51.1","request_id":"LAPTOP-TN2607IT/oTPdxJDPE8-000293","status":200,"bytes":1499,"duration":"506.8µs"}
{"time":"2024-06-07T23:56:20.0823619+05:00","level":"INFO","msg":"request completed","component":"middleware/logger","method":"GET","path":"/url/metrics","remote_addr":"[::1]:58002","user_agent":"Prometheus/2.51.1","request_id":"LAPTOP-TN2607IT/oTPdxJDPE8-000294","status":200,"bytes":1502,"duration":"505.9µs"}
{"time":"2024-06-07T23:56:25.0888876+05:00","level":"INFO","msg":"request completed","component":"middleware/logger","method":"GET","path":"/url/metrics","remote_addr":"[::1]:58002","user_agent":"Prometheus/2.51.1","request_id":"LAPTOP-TN2607IT/oTPdxJDPE8-000295","status":200,"bytes":1503,"duration":"511.4µs"}
{"time":"2024-06-07T23:56:30.085635+05:00","level":"INFO","msg":"request completed","component":"middleware/logger","method":"GET","path":"/url/metrics","remote_addr":"[::1]:58002","user_agent":"Prometheus/2.51.1","request_id":"LAPTOP-TN2607IT/oTPdxJDPE8-000296","status":200,"bytes":1499,"duration":"505.2µs"}
{"time":"2024-06-07T23:56:35.0797955+05:00","level":"INFO","msg":"request completed","component":"middleware/logger","method":"GET","path":"/url/metrics","remote_addr":"[::1]:58002","user_agent":"Prometheus/2.51.1","request_id":"LAPTOP-TN2607IT/oTPdxJDPE8-000297","status":200,"bytes":1507,"duration":"504µs"}
{"time":"2024-06-07T23:56:40.0798152+05:00","level":"INFO","msg":"request completed","component":"middleware/logger","method":"GET","path":"/url/metrics","remote_addr":"[::1]:58002","user_agent":"Prometheus/2.51.1","request_id":"LAPTOP-TN2607IT/oTPdxJDPE8-000298","status":200,"bytes":1506,"duration":"531.4µs"}
{"time":"2024-06-07T23:56:45.0907617+05:00","level":"INFO","msg":"request completed","component":"middleware/logger","method":"GET","path":"/url/metrics","remote_addr":"[::1]:58002","user_agent":"Prometheus/2.51.1","request_id":"LAPTOP-TN2607IT/oTPdxJDPE8-000299","status":200,"bytes":1502,"duration":"0s"}
{"time":"2024-06-07T23:56:50.078346+05:00","level":"INFO","msg":"request completed","component":"middleware/logger","method":"GET","path":"/url/metrics","remote_addr":"[::1]:58002","user_agent":"Prometheus/2.51.1","request_id":"LAPTOP-TN2607IT/oTPdxJDPE8-000300","status":200,"bytes":1503,"duration":"0s"}
{"time":"2024-06-07T23:56:55.0865567+05:00","level":"INFO","msg":"request completed","component":"middleware/logger","method":"GET","path":"/url/metrics","remote_addr":"[::1]:58002","user_agent":"Prometheus/2.51.1","request_id":"LAPTOP-TN2607IT/oTPdxJDPE8-000301","status":200,"bytes":1501,"duration":"505.7µs"}
{"time":"2024-06-07T23:57:00.0828337+05:00","level":"INFO","msg":"request completed","component":"middleware/logger","method":"GET","path":"/url/metrics","remote_addr":"[::1]:58002","user_agent":"Prometheus/2.51.1","request_id":"LAPTOP-TN2607IT/oTPdxJDPE8-000302","status":200,"bytes":1498,"duration":"507µs"}
{"time":"2024-06-07T23:57:05.0819982+05:00","level":"INFO","msg":"request completed","component":"middleware/logger","method":"GET","path":"/url/metrics","remote_addr":"[::1]:58002","user_agent":"Prometheus/2.51.1","request_id":"LAPTOP-TN2607IT/oTPdxJDPE8-000303","status":200,"bytes":1503,"duration":"569.3µs"}
{"time":"2024-06-07T23:57:10.0810076+05:00","level":"INFO","msg":"request completed","component":"middleware/logger","method":"GET","path":"/url/metrics","remote_addr":"[::1]:58002","user_agent":"Prometheus/2.51.1","request_id":"LAPTOP-TN2607IT/oTPdxJDPE8-000304","status":200,"bytes":1500,"duration":"0s"}
{"time":"2024-06-07T23:57:15.078162+05:00","level":"INFO","msg":"request completed","component":"middleware/logger","method":"GET","path":"/url/metrics","remote_addr":"[::1]:58002","user_agent":"Prometheus/2.51.1","request_id":"LAPTOP-TN2607IT/oTPdxJDPE8-000305","status":200,"bytes":1500,"duration":"506.6µs"}
{"time":"2024-06-07T23:57:20.084199+05:00","level":"INFO","msg":"request completed","component":"middleware/logger","method":"GET","path":"/url/metrics","remote_addr":"[::1]:58002","user_agent":"Prometheus/2.51.1","request_id":"LAPTOP-TN2607IT/oTPdxJDPE8-000306","status":200,"bytes":1508,"duration":"506µs"}
{"time":"2024-06-07T23:57:25.0794146+05:00","level":"INFO","msg":"request completed","component":"middleware/logger","method":"GET","path":"/url/metrics","remote_addr":"[::1]:58002","user_agent":"Prometheus/2.51.1","request_id":"LAPTOP-TN2607IT/oTPdxJDPE8-000307","status":200,"bytes":1501,"duration":"505.6µs"}
{"time":"2024-06-07T23:57:30.0845056+05:00","level":"INFO","msg":"request completed","component":"middleware/logger","method":"GET","path":"/url/metrics","remote_addr":"[::1]:58002","user_agent":"Prometheus/2.51.1","request_id":"LAPTOP-TN2607IT/oTPdxJDPE8-000308","status":200,"bytes":1502,"duration":"509µs"}
{"time":"2024-06-07T23:57:35.0799488+05:00","level":"INFO","msg":"request completed","component":"middleware/logger","method":"GET","path":"/url/metrics","remote_addr":"[::1]:58002","user_agent":"Prometheus/2.51.1","request_id":"LAPTOP-TN2607IT/oTPdxJDPE8-000309","status":200,"bytes":1500,"duration":"548.8µs"}
{"time":"2024-06-07T23:57:40.0831395+05:00","level":"INFO","msg":"request completed","component":"middleware/logger","method":"GET","path":"/url/metrics","remote_addr":"[::1]:58002","user_agent":"Prometheus/2.51.1","request_id":"LAPTOP-TN2607IT/oTPdxJDPE8-000310","status":200,"bytes":1497,"duration":"0s"}
{"time":"2024-06-07T23:57:45.0893905+05:00","level":"INFO","msg":"request completed","component":"middleware/logger","method":"GET","path":"/url/metrics","remote_addr":"[::1]:58002","user_agent":"Prometheus/2.51.1","request_id":"LAPTOP-TN2607IT/oTPdxJDPE8-000311","status":200,"bytes":1498,"duration":"513.2µs"}
{"time":"2024-06-07T23:57:50.0853201+05:00","level":"INFO","msg":"request completed","component":"middleware/logger","method":"GET","path":"/url/metrics","remote_addr":"[::1]:58002","user_agent":"Prometheus/2.51.1","request_id":"LAPTOP-TN2607IT/oTPdxJDPE8-000312","status":200,"bytes":1498,"duration":"505.2µs"}
{"time":"2024-06-07T23:57:55.0860678+05:00","level":"INFO","msg":"request completed","component":"middleware/logger","method":"GET","path":"/url/metrics","remote_addr":"[::1]:58002","user_agent":"Prometheus/2.51.1","request_id":"LAPTOP-TN2607IT/oTPdxJDPE8-000313","status":200,"bytes":1498,"duration":"504.9µs"}
{"time":"2024-06-07T23:58:00.0899815+05:00","level":"INFO","msg":"request completed","component":"middleware/logger","method":"GET","path":"/url/metrics","remote_addr":"[::1]:58002","user_agent":"Prometheus/2.51.1","request_id":"LAPTOP-TN2607IT/oTPdxJDPE8-000314","status":200,"bytes":1497,"duration":"504.8µs"}
{"time":"2024-06-07T23:58:05.0839036+05:00","level":"INFO","msg":"request completed","component":"middleware/logger","method":"GET","path":"/url/metrics","remote_addr":"[::1]:58002","user_agent":"Prometheus/2.51.1","request_id":"LAPTOP-TN2607IT/oTPdxJDPE8-000315","status":200,"bytes":1497,"duration":"508.5µs"}
{"time":"2024-06-07T23:58:10.0862395+05:00","level":"INFO","msg":"request completed","component":"middleware/logger","method":"GET","path":"/url/metrics","remote_addr":"[::1]:58002","user_agent":"Prometheus/2.51.1","request_id":"LAPTOP-TN2607IT/oTPdxJDPE8-000316","status":200,"bytes":1499,"duration":"511.9µs"}
{"time":"2024-06-07T23:58:15.0755668+05:00","level":"INFO","msg":"request completed","component":"middleware/logger","method":"GET","path":"/url/metrics","remote_addr":"[::1]:58002","user_agent":"Prometheus/2.51.1","request_id":"LAPTOP-TN2607IT/oTPdxJDPE8-000317","status":200,"bytes":1499,"duration":"514.8µs"}
{"time":"2024-06-07T23:58:20.0889268+05:00","level":"INFO","msg":"request completed","component":"middleware/logger","method":"GET","path":"/url/metrics","remote_addr":"[::1]:58002","user_agent":"Prometheus/2.51.1","request_id":"LAPTOP-TN2607IT/oTPdxJDPE8-000318","status":200,"bytes":1498,"duration":"508.3µs"}
{"time":"2024-06-07T23:58:25.0840535+05:00","level":"INFO","msg":"request completed","component":"middleware/logger","method":"GET","path":"/url/metrics","remote_addr":"[::1]:58002","user_agent":"Prometheus/2.51.1","request_id":"LAPTOP-TN2607IT/oTPdxJDPE8-000319","status":200,"bytes":1501,"duration":"506µs"}
{"time":"2024-06-07T23:58:30.0808297+05:00","level":"INFO","msg":"request completed","component":"middleware/logger","method":"GET","path":"/url/metrics","remote_addr":"[::1]:58002","user_agent":"Prometheus/2.51.1","request_id":"LAPTOP-TN2607IT/oTPdxJDPE8-000320","status":200,"bytes":1499,"duration":"505.1µs"}
{"time":"2024-06-07T23:58:35.0800252+05:00","level":"INFO","msg":"request completed","component":"middleware/logger","method":"GET","path":"/url/metrics","remote_addr":"[::1]:58002","user_agent":"Prometheus/2.51.1","request_id":"LAPTOP-TN2607IT/oTPdxJDPE8-000321","status":200,"bytes":1499,"duration":"1.3363ms"}
{"time":"2024-06-07T23:58:40.0863054+05:00","level":"INFO","msg":"request completed","component":"middleware/logger","method":"GET","path":"/url/metrics","remote_addr":"[::1]:58002","user_agent":"Prometheus/2.51.1","request_id":"LAPTOP-TN2607IT/oTPdxJDPE8-000322","status":200,"bytes":1499,"duration":"0s"}
{"time":"2024-06-07T23:58:45.0846568+05:00","level":"INFO","msg":"request completed","component":"middleware/logger","method":"GET","path":"/url/metrics","remote_addr":"[::1]:58002","user_agent":"Prometheus/2.51.1","request_id":"LAPTOP-TN2607IT/oTPdxJDPE8-000323","status":200,"bytes":1505,"duration":"506.4µs"}
{"time":"2024-06-07T23:58:50.0761033+05:00","level":"INFO","msg":"request completed","component":"middleware/logger","method":"GET","path":"/url/metrics","remote_addr":"[::1]:58002","user_agent":"Prometheus/2.51.1","request_id":"LAPTOP-TN2607IT/oTPdxJDPE8-000324","status":200,"bytes":1498,"duration":"1.063ms"}
{"time":"2024-06-07T23:58:55.0898523+05:00","level":"INFO","msg":"request completed","component":"middleware/logger","method":"GET","path":"/url/metrics","remote_addr":"[::1]:58002","user_agent":"Prometheus/2.51.1","request_id":"LAPTOP-TN2607IT/oTPdxJDPE8-000325","status":200,"bytes":1499,"duration":"619.1µs"}
{"time":"2024-06-07T23:59:00.0914852+05:00","level":"INFO","msg":"request completed","component":"middleware/logger","method":"GET","path":"/url/metrics","remote_addr":"[::1]:58002","user_agent":"Prometheus/2.51.1","request_id":"LAPTOP-TN2607IT/oTPdxJDPE8-000326","status":200,"bytes":1502,"duration":"508.5µs"}
{"time":"2024-06-07T23:59:05.0780252+05:00","level":"INFO","msg":"request completed","component":"middleware/logger","method":"GET","path":"/url/metrics","remote_addr":"[::1]:58002","user_agent":"Prometheus/2.51.1","request_id":"LAPTOP-TN2607IT/oTPdxJDPE8-000327","status":200,"bytes":1499,"duration":"524.3µs"}
{"time":"2024-06-07T23:59:10.077675+05:00","level":"INFO","msg":"request completed","component":"middleware/logger","method":"GET","path":"/url/metrics","remote_addr":"[::1]:58002","user_agent":"Prometheus/2.51.1","request_id":"LAPTOP-TN2607IT/oTPdxJDPE8-000328","status":200,"bytes":1500,"duration":"505.5µs"}
{"time":"2024-06-07T23:59:15.0801379+05:00","level":"INFO","msg":"request completed","component":"middleware/logger","method":"GET","path":"/url/metrics","remote_addr":"[::1]:58002","user_agent":"Prometheus/2.51.1","request_id":"LAPTOP-TN2607IT/oTPdxJDPE8-000329","status":200,"bytes":1504,"duration":"600.6µs"}
{"time":"2024-06-07T23:59:20.0857292+05:00","level":"INFO","msg":"request completed","component":"middleware/logger","method":"GET","path":"/url/metrics","remote_addr":"[::1]:58002","user_agent":"Prometheus/2.51.1","request_id":"LAPTOP-TN2607IT/oTPdxJDPE8-000330","status":200,"bytes":1507,"duration":"507.5µs"}
{"time":"2024-06-07T23:59:25.084242+05:00","level":"INFO","msg":"request completed","component":"middleware/logger","method":"GET","path":"/url/metrics","remote_addr":"[::1]:58002","user_agent":"Prometheus/2.51.1","request_id":"LAPTOP-TN2607IT/oTPdxJDPE8-000331","status":200,"bytes":1503,"duration":"506.1µs"}
{"time":"2024-06-07T23:59:30.0808001+05:00","level":"INFO","msg":"request completed","component":"middleware/logger","method":"GET","path":"/url/metrics","remote_addr":"[::1]:58002","user_agent":"Prometheus/2.51.1","request_id":"LAPTOP-TN2607IT/oTPdxJDPE8-000332","status":200,"bytes":1499,"duration":"505.9µs"}
{"time":"2024-06-07T23:59:35.0904434+05:00","level":"INFO","msg":"request completed","component":"middleware/logger","method":"GET","path":"/url/metrics","remote_addr":"[::1]:58002","user_agent":"Prometheus/2.51.1","request_id":"LAPTOP-TN2607IT/oTPdxJDPE8-000333","status":200,"bytes":1494,"duration":"1.0376ms"}
{"time":"2024-06-07T23:59:40.0902365+05:00","level":"INFO","msg":"request completed","component":"middleware/logger","method":"GET","path":"/url/metrics","remote_addr":"[::1]:58002","user_agent":"Prometheus/2.51.1","request_id":"LAPTOP-TN2607IT/oTPdxJDPE8-000334","status":200,"bytes":1497,"duration":"876.8µs"}
{"time":"2024-06-07T23:59:45.0846352+05:00","level":"INFO","msg":"request completed","component":"middleware/logger","method":"GET","path":"/url/metrics","remote_addr":"[::1]:58002","user_agent":"Prometheus/2.51.1","request_id":"LAPTOP-TN2607IT/oTPdxJDPE8-000335","status":200,"bytes":1497,"duration":"605.4µs"}
{"time":"2024-06-07T23:59:50.0844566+05:00","level":"INFO","msg":"request completed","component":"middleware/logger","method":"GET","path":"/url/metrics","remote_addr":"[::1]:58002","user_agent":"Prometheus/2.51.1","request_id":"LAPTOP-TN2607IT/oTPdxJDPE8-000336","status":200,"bytes":1503,"duration":"506.6µs"}
{"time":"2024-06-07T23:59:55.080699+05:00","level":"INFO","msg":"request completed","component":"middleware/logger","method":"GET","path":"/url/metrics","remote_addr":"[::1]:58002","user_agent":"Prometheus/2.51.1","request_id":"LAPTOP-TN2607IT/oTPdxJDPE8-000337","status":200,"bytes":1502,"duration":"505.5µs"}
{"time":"2024-06-08T00:00:00.0898542+05:00","level":"INFO","msg":"request completed","component":"middleware/logger","method":"GET","path":"/url/metrics","remote_addr":"[::1]:58002","user_agent":"Prometheus/2.51.1","request_id":"LAPTOP-TN2607IT/oTPdxJDPE8-000338","status":200,"bytes":1504,"duration":"850.2µs"}
{"time":"2024-06-08T00:00:05.0804477+05:00","level":"INFO","msg":"request completed","component":"middleware/logger","method":"GET","path":"/url/metrics","remote_addr":"[::1]:58002","user_agent":"Prometheus/2.51.1","request_id":"LAPTOP-TN2607IT/oTPdxJDPE8-000339","status":200,"bytes":1496,"duration":"508.4µs"}
{"time":"2024-06-08T00:00:10.0754259+05:00","level":"INFO","msg":"request completed","component":"middleware/logger","method":"GET","path":"/url/metrics","remote_addr":"[::1]:58002","user_agent":"Prometheus/2.51.1","request_id":"LAPTOP-TN2607IT/oTPdxJDPE8-000340","status":200,"bytes":1497,"duration":"516.2µs"}
{"time":"2024-06-08T00:00:15.0815942+05:00","level":"INFO","msg":"request completed","component":"middleware/logger","method":"GET","path":"/url/metrics","remote_addr":"[::1]:58002","user_agent":"Prometheus/2.51.1","request_id":"LAPTOP-TN2607IT/oTPdxJDPE8-000341","status":200,"bytes":1496,"duration":"1.1281ms"}
{"time":"2024-06-08T00:00:20.0891098+05:00","level":"INFO","msg":"request completed","component":"middleware/logger","method":"GET","path":"/url/metrics","remote_addr":"[::1]:58002","user_agent":"Prometheus/2.51.1","request_id":"LAPTOP-TN2607IT/oTPdxJDPE8-000342","status":200,"bytes":1496,"duration":"536.1µs"}
{"time":"2024-06-08T00:00:25.083195+05:00","level":"INFO","msg":"request completed","component":"middleware/logger","method":"GET","path":"/url/metrics","remote_addr":"[::1]:58002","user_agent":"Prometheus/2.51.1","request_id":"LAPTOP-TN2607IT/oTPdxJDPE8-000343","status":200,"bytes":1503,"duration":"506.9µs"}
{"time":"2024-06-08T00:00:30.0871297+05:00","level":"INFO","msg":"request completed","component":"middleware/logger","method":"GET","path":"/url/metrics","remote_addr":"[::1]:58002","user_agent":"Prometheus/2.51.1","request_id":"LAPTOP-TN2607IT/oTPdxJDPE8-000344","status":200,"bytes":1496,"duration":"765.6µs"}
{"time":"2024-06-08T00:00:35.0794173+05:00","level":"INFO","msg":"request completed","component":"middleware/logger","method":"GET","path":"/url/metrics","remote_addr":"[::1]:58002","user_agent":"Prometheus/2.51.1","request_id":"LAPTOP-TN2607IT/oTPdxJDPE8-000345","status":200,"bytes":1494,"duration":"514.2µs"}
{"time":"2024-06-08T00:00:40.0789818+05:00","level":"INFO","msg":"request completed","component":"middleware/logger","method":"GET","path":"/url/metrics","remote_addr":"[::1]:58002","user_agent":"Prometheus/2.51.1","request_id":"LAPTOP-TN2607IT/oTPdxJDPE8-000346","status":200,"bytes":1499,"duration":"507.8µs"}
{"time":"2024-06-08T00:00:45.082718+05:00","level":"INFO","msg":"request completed","component":"middleware/logger","method":"GET","path":"/url/metrics","remote_addr":"[::1]:58002","user_agent":"Prometheus/2.51.1","request_id":"LAPTOP-TN2607IT/oTPdxJDPE8-000347","status":200,"bytes":1500,"duration":"509.7µs"}
{"time":"2024-06-08T00:00:50.0836361+05:00","level":"INFO","msg":"request completed","component":"middleware/logger","method":"GET","path":"/url/metrics","remote_addr":"[::1]:58002","user_agent":"Prometheus/2.51.1","request_id":"LAPTOP-TN2607IT/oTPdxJDPE8-000348","status":200,"bytes":1497,"duration":"506.3µs"}
{"time":"2024-06-08T00:00:55.0899743+05:00","level":"INFO","msg":"request completed","component":"middleware/logger","method":"GET","path":"/url/metrics","remote_addr":"[::1]:58002","user_agent":"Prometheus/2.51.1","request_id":"LAPTOP-TN2607IT/oTPdxJDPE8-000349","status":200,"bytes":1493,"duration":"97.7µs"}
{"time":"2024-06-08T00:01:00.0801557+05:00","level":"INFO","msg":"request completed","component":"middleware/logger","method":"GET","path":"/url/metrics","remote_addr":"[::1]:58002","user_agent":"Prometheus/2.51.1","request_id":"LAPTOP-TN2607IT/oTPdxJDPE8-000350","status":200,"bytes":1500,"duration":"510.1µs"}
{"time":"2024-06-08T00:01:05.0898744+05:00","level":"INFO","msg":"request completed","component":"middleware/logger","method":"GET","path":"/url/metrics","remote_addr":"[::1]:58002","user_agent":"Prometheus/2.51.1","request_id":"LAPTOP-TN2607IT/oTPdxJDPE8-000351","status":200,"bytes":1499,"duration":"587.2µs"}
{"time":"2024-06-08T00:01:10.0915727+05:00","level":"INFO","msg":"request completed","component":"middleware/logger","method":"GET","path":"/url/metrics","remote_addr":"[::1]:58002","user_agent":"Prometheus/2.51.1","request_id":"LAPTOP-TN2607IT/oTPdxJDPE8-000352","status":200,"bytes":1498,"duration":"1.5252ms"}
{"time":"2024-06-08T00:01:15.0918346+05:00","level":"INFO","msg":"request completed","component":"middleware/logger","method":"GET","path":"/url/metrics","remote_addr":"[::1]:58002","user_agent":"Prometheus/2.51.1","request_id":"LAPTOP-TN2607IT/oTPdxJDPE8-000353","status":200,"bytes":1498,"duration":"505.3µs"}
{"time":"2024-06-08T00:01:20.0818428+05:00","level":"INFO","msg":"request completed","component":"middleware/logger","method":"GET","path":"/url/metrics","remote_addr":"[::1]:58002","user_agent":"Prometheus/2.51.1","request_id":"LAPTOP-TN2607IT/oTPdxJDPE8-000354","status":200,"bytes":1493,"duration":"621.7µs"}
{"time":"2024-06-08T00:01:25.0858561+05:00","level":"INFO","msg":"request completed","component":"middleware/logger","method":"GET","path":"/url/metrics","remote_addr":"[::1]:58002","user_agent":"Prometheus/2.51.1","request_id":"LAPTOP-TN2607IT/oTPdxJDPE8-000355","status":200,"bytes":1498,"duration":"0s"}
{"time":"2024-06-08T00:01:30.0902974+05:00","level":"INFO","msg":"request completed","component":"middleware/logger","method":"GET","path":"/url/metrics","remote_addr":"[::1]:58002","user_agent":"Prometheus/2.51.1","request_id":"LAPTOP-TN2607IT/oTPdxJDPE8-000356","status":200,"bytes":1499,"duration":"506µs"}
{"time":"2024-06-08T00:01:35.0879805+05:00","level":"INFO","msg":"request completed","component":"middleware/logger","method":"GET","path":"/url/metrics","remote_addr":"[::1]:58002","user_agent":"Prometheus/2.51.1","request_id":"LAPTOP-TN2607IT/oTPdxJDPE8-000357","status":200,"bytes":1499,"duration":"1.7185ms"}
{"time":"2024-06-08T00:01:40.0824842+05:00","level":"INFO","msg":"request completed","component":"middleware/logger","method":"GET","path":"/url/metrics","remote_addr":"[::1]:58002","user_agent":"Prometheus/2.51.1","request_id":"LAPTOP-TN2607IT/oTPdxJDPE8-000358","status":200,"bytes":1495,"duration":"957.2µs"}
{"time":"2024-06-08T00:01:45.089361+05:00","level":"INFO","msg":"request completed","component":"middleware/logger","method":"GET","path":"/url/metrics","remote_addr":"[::1]:58002","user_agent":"Prometheus/2.51.1","request_id":"LAPTOP-TN2607IT/oTPdxJDPE8-000359","status":200,"bytes":1499,"duration":"1.0805ms"}
{"time":"2024-06-08T00:01:50.0874701+05:00","level":"INFO","msg":"request completed","component":"middleware/logger","method":"GET","path":"/url/metrics","remote_addr":"[::1]:58002","user_agent":"Prometheus/2.51.1","request_id":"LAPTOP-TN2607IT/oTPdxJDPE8-000360","status":200,"bytes":1497,"duration":"581.8µs"}
{"time":"2024-06-08T00:01:55.0793332+05:00","level":"INFO","msg":"request completed","component":"middleware/logger","method":"GET","path":"/url/metrics","remote_addr":"[::1]:58002","user_agent":"Prometheus/2.51.1","request_id":"LAPTOP-TN2607IT/oTPdxJDPE8-000361","status":200,"bytes":1498,"duration":"585.2µs"}
{"time":"2024-06-08T00:02:00.078627+05:00","level":"INFO","msg":"request completed","component":"middleware/logger","method":"GET","path":"/url/metrics","remote_addr":"[::1]:58002","user_agent":"Prometheus/2.51.1","request_id":"LAPTOP-TN2607IT/oTPdxJDPE8-000362","status":200,"bytes":1501,"duration":"509.9µs"}
{"time":"2024-06-08T00:02:05.0819346+05:00","level":"INFO","msg":"request completed","component":"middleware/logger","method":"GET","path":"/url/metrics","remote_addr":"[::1]:58002","user_agent":"Prometheus/2.51.1","request_id":"LAPTOP-TN2607IT/oTPdxJDPE8-000363","status":200,"bytes":1494,"duration":"509.6µs"}
{"time":"2024-06-08T00:02:10.0873095+05:00","level":"INFO","msg":"request completed","component":"middleware/logger","method":"GET","path":"/url/metrics","remote_addr":"[::1]:58002","user_agent":"Prometheus/2.51.1","request_id":"LAPTOP-TN2607IT/oTPdxJDPE8-000364","status":200,"bytes":1500,"duration":"510.2µs"}
{"time":"2024-06-08T00:02:15.0900894+05:00","level":"INFO","msg":"request completed","component":"middleware/logger","method":"GET","path":"/url/metrics","remote_addr":"[::1]:58002","user_agent":"Prometheus/2.51.1","request_id":"LAPTOP-TN2607IT/oTPdxJDPE8-000365","status":200,"bytes":1500,"duration":"509.7µs"}
{"time":"2024-06-08T00:02:20.0845009+05:00","level":"INFO","msg":"request completed","component":"middleware/logger","method":"GET","path":"/url/metrics","remote_addr":"[::1]:58002","user_agent":"Prometheus/2.51.1","request_id":"LAPTOP-TN2607IT/oTPdxJDPE8-000366","status":200,"bytes":1502,"duration":"827.5µs"}
{"time":"2024-06-08T00:02:25.0906511+05:00","level":"INFO","msg":"request completed","component":"middleware/logger","method":"GET","path":"/url/metrics","remote_addr":"[::1]:58002","user_agent":"Prometheus/2.51.1","request_id":"LAPTOP-TN2607IT/oTPdxJDPE8-000367","status":200,"bytes":1499,"duration":"563.4µs"}
{"time":"2024-06-08T00:02:30.0874343+05:00","level":"INFO","msg":"request completed","component":"middleware/logger","method":"GET","path":"/url/metrics","remote_addr":"[::1]:58002","user_agent":"Prometheus/2.51.1","request_id":"LAPTOP-TN2607IT/oTPdxJDPE8-000368","status":200,"bytes":1503,"duration":"1.0708ms"}
{"time":"2024-06-08T00:02:35.0818386+05:00","level":"INFO","msg":"request completed","component":"middleware/logger","method":"GET","path":"/url/metrics","remote_addr":"[::1]:58002","user_agent":"Prometheus/2.51.1","request_id":"LAPTOP-TN2607IT/oTPdxJDPE8-000369","status":200,"bytes":1500,"duration":"507µs"}
{"time":"2024-06-08T00:02:40.0891953+05:00","level":"INFO","msg":"request completed","component":"middleware/logger","method":"GET","path":"/url/metrics","remote_addr":"[::1]:58002","user_agent":"Prometheus/2.51.1","request_id":"LAPTOP-TN2607IT/oTPdxJDPE8-000370","status":200,"bytes":1501,"duration":"700.1µs"}
{"time":"2024-06-08T00:02:45.0771928+05:00","level":"INFO","msg":"request completed","component":"middleware/logger","method":"GET","path":"/url/metrics","remote_addr":"[::1]:58002","user_agent":"Prometheus/2.51.1","request_id":"LAPTOP-TN2607IT/oTPdxJDPE8-000371","status":200,"bytes":1499,"duration":"507.9µs"}
{"time":"2024-06-08T00:02:50.090425+05:00","level":"INFO","msg":"request completed","component":"middleware/logger","method":"GET","path":"/url/metrics","remote_addr":"[::1]:58002","user_agent":"Prometheus/2.51.1","request_id":"LAPTOP-TN2607IT/oTPdxJDPE8-000372","status":200,"bytes":1500,"duration":"506.8µs"}
{"time":"2024-06-08T00:02:55.0858141+05:00","level":"INFO","msg":"request completed","component":"middleware/logger","method":"GET","path":"/url/metrics","remote_addr":"[::1]:58002","user_agent":"Prometheus/2.51.1","request_id":"LAPTOP-TN2607IT/oTPdxJDPE8-000373","status":200,"bytes":1498,"duration":"545.2µs"}
{"time":"2024-06-08T00:03:00.0781656+05:00","level":"INFO","msg":"request completed","component":"middleware/logger","method":"GET","path":"/url/metrics","remote_addr":"[::1]:58002","user_agent":"Prometheus/2.51.1","request_id":"LAPTOP-TN2607IT/oTPdxJDPE8-000374","status":200,"bytes":1500,"duration":"488.2µs"}
{"time":"2024-06-08T00:03:05.0857402+05:00","level":"INFO","msg":"request completed","component":"middleware/logger","method":"GET","path":"/url/metrics","remote_addr":"[::1]:58002","user_agent":"Prometheus/2.51.1","request_id":"LAPTOP-TN2607IT/oTPdxJDPE8-000375","status":200,"bytes":1497,"duration":"506.3µs"}
{"time":"2024-06-08T00:03:10.0758107+05:00","level":"INFO","msg":"request completed","component":"middleware/logger","method":"GET","path":"/url/metrics","remote_addr":"[::1]:58002","user_agent":"Prometheus/2.51.1","request_id":"LAPTOP-TN2607IT/oTPdxJDPE8-000376","status":200,"bytes":1499,"duration":"508.1µs"}
{"time":"2024-06-08T00:03:15.0824796+05:00","level":"INFO","msg":"request completed","component":"middleware/logger","method":"GET","path":"/url/metrics","remote_addr":"[::1]:58002","user_agent":"Prometheus/2.51.1","request_id":"LAPTOP-TN2607IT/oTPdxJDPE8-000377","status":200,"bytes":1499,"duration":"514.1µs"}
{"time":"2024-06-08T00:03:20.0778922+05:00","level":"INFO","msg":"request completed","component":"middleware/logger","method":"GET","path":"/url/metrics","remote_addr":"[::1]:58002","user_agent":"Prometheus/2.51.1","request_id":"LAPTOP-TN2607IT/oTPdxJDPE8-000378","status":200,"bytes":1501,"duration":"1.0274ms"}
{"time":"2024-06-08T00:03:25.077098+05:00","level":"INFO","msg":"request completed","component":"middleware/logger","method":"GET","path":"/url/metrics","remote_addr":"[::1]:58002","user_agent":"Prometheus/2.51.1","request_id":"LAPTOP-TN2607IT/oTPdxJDPE8-000379","status":200,"bytes":1502,"duration":"721.4µs"}
{"time":"2024-06-08T00:03:30.0832413+05:00","level":"INFO","msg":"request completed","component":"middleware/logger","method":"GET","path":"/url/metrics","remote_addr":"[::1]:58002","user_agent":"Prometheus/2.51.1","request_id":"LAPTOP-TN2607IT/oTPdxJDPE8-000380","status":200,"bytes":1500,"duration":"537.2µs"}
{"time":"2024-06-08T00:03:35.0776124+05:00","level":"INFO","msg":"request completed","component":"middleware/logger","method":"GET","path":"/url/metrics","remote_addr":"[::1]:58002","user_agent":"Prometheus/2.51.1","request_id":"LAPTOP-TN2607IT/oTPdxJDPE8-000381","status":200,"bytes":1499,"duration":"507.7µs"}
{"time":"2024-06-08T00:03:40.0904749+05:00","level":"INFO","msg":"request completed","component":"middleware/logger","method":"GET","path":"/url/metrics","remote_addr":"[::1]:58002","user_agent":"Prometheus/2.51.1","request_id":"LAPTOP-TN2607IT/oTPdxJDPE8-000382","status":200,"bytes":1500,"duration":"1.0332ms"}
{"time":"2024-06-08T00:03:45.0902244+05:00","level":"INFO","msg":"request completed","component":"middleware/logger","method":"GET","path":"/url/metrics","remote_addr":"[::1]:58002","user_agent":"Prometheus/2.51.1","request_id":"LAPTOP-TN2607IT/oTPdxJDPE8-000383","status":200,"bytes":1501,"duration":"505.1µs"}
{"time":"2024-06-08T00:03:50.0907986+05:00","level":"INFO","msg":"request completed","component":"middleware/logger","method":"GET","path":"/url/metrics","remote_addr":"[::1]:58002","user_agent":"Prometheus/2.51.1","request_id":"LAPTOP-TN2607IT/oTPdxJDPE8-000384","status":200,"bytes":1498,"duration":"247.5µs"}
{"time":"2024-06-08T00:03:55.0871357+05:00","level":"INFO","msg":"request completed","component":"middleware/logger","method":"GET","path":"/url/metrics","remote_addr":"[::1]:58002","user_agent":"Prometheus/2.51.1","request_id":"LAPTOP-TN2607IT/oTPdxJDPE8-000385","status":200,"bytes":1500,"duration":"508µs"}
{"time":"2024-06-08T00:04:00.0831694+05:00","level":"INFO","msg":"request completed","component":"middleware/logger","method":"GET","path":"/url/metrics","remote_addr":"[::1]:58002","user_agent":"Prometheus/2.51.1","request_id":"LAPTOP-TN2607IT/oTPdxJDPE8-000386","status":200,"bytes":1499,"duration":"505.6µs"}
{"time":"2024-06-08T00:04:05.0884529+05:00","level":"INFO","msg":"request completed","component":"middleware/logger","method":"GET","path":"/url/metrics","remote_addr":"[::1]:58002","user_agent":"Prometheus/2.51.1","request_id":"LAPTOP-TN2607IT/oTPdxJDPE8-000387","status":200,"bytes":1494,"duration":"312.1µs"}
{"time":"2024-06-08T00:04:10.0793214+05:00","level":"INFO","msg":"request completed","component":"middleware/logger","method":"GET","path":"/url/metrics","remote_addr":"[::1]:58002","user_agent":"Prometheus/2.51.1","request_id":"LAPTOP-TN2607IT/oTPdxJDPE8-000388","status":200,"bytes":1499,"duration":"507µs"}
{"time":"2024-06-08T00:04:15.0831668+05:00","level":"INFO","msg":"request completed","component":"middleware/logger","method":"GET","path":"/url/metrics","remote_addr":"[::1]:58002","user_agent":"Prometheus/2.51.1","request_id":"LAPTOP-TN2607IT/oTPdxJDPE8-000389","status":200,"bytes":1500,"duration":"507.7µs"}
{"time":"2024-06-08T00:04:20.0878328+05:00","level":"INFO","msg":"request completed","component":"middleware/logger","method":"GET","path":"/url/metrics","remote_addr":"[::1]:58002","user_agent":"Prometheus/2.51.1","request_id":"LAPTOP-TN2607IT/oTPdxJDPE8-000390","status":200,"bytes":1496,"duration":"1.1578ms"}
{"time":"2024-06-08T00:04:25.0801487+05:00","level":"INFO","msg":"request completed","component":"middleware/logger","method":"GET","path":"/url/metrics","remote_addr":"[::1]:58002","user_agent":"Prometheus/2.51.1","request_id":"LAPTOP-TN2607IT/oTPdxJDPE8-000391","status":200,"bytes":1499,"duration":"1.0054ms"}
{"time":"2024-06-08T00:04:30.0816211+05:00","level":"INFO","msg":"request completed","component":"middleware/logger","method":"GET","path":"/url/metrics","remote_addr":"[::1]:58002","user_agent":"Prometheus/2.51.1","request_id":"LAPTOP-TN2607IT/oTPdxJDPE8-000392","status":200,"bytes":1500,"duration":"1.3514ms"}
{"time":"2024-06-08T00:04:35.0861283+05:00","level":"INFO","msg":"request completed","component":"middleware/logger","method":"GET","path":"/url/metrics","remote_addr":"[::1]:58002","user_agent":"Prometheus/2.51.1","request_id":"LAPTOP-TN2607IT/oTPdxJDPE8-000393","status":200,"bytes":1499,"duration":"528.3µs"}
{"time":"2024-06-08T00:04:40.0911613+05:00","level":"INFO","msg":"request completed","component":"middleware/logger","method":"GET","path":"/url/metrics","remote_addr":"[::1]:58002","user_agent":"Prometheus/2.51.1","request_id":"LAPTOP-TN2607IT/oTPdxJDPE8-000394","status":200,"bytes":1499,"duration":"507.5µs"}
{"time":"2024-06-08T00:04:45.0796145+05:00","level":"INFO","msg":"request completed","component":"middleware/logger","method":"GET","path":"/url/metrics","remote_addr":"[::1]:58002","user_agent":"Prometheus/2.51.1","request_id":"LAPTOP-TN2607IT/oTPdxJDPE8-000395","status":200,"bytes":1501,"duration":"0s"}
{"time":"2024-06-08T00:04:50.0865916+05:00","level":"INFO","msg":"request completed","component":"middleware/logger","method":"GET","path":"/url/metrics","remote_addr":"[::1]:58002","user_agent":"Prometheus/2.51.1","request_id":"LAPTOP-TN2607IT/oTPdxJDPE8-000396","status":200,"bytes":1496,"duration":"552.9µs"}
{"time":"2024-06-08T00:04:55.0767351+05:00","level":"INFO","msg":"request completed","component":"middleware/logger","method":"GET","path":"/url/metrics","remote_addr":"[::1]:58002","user_agent":"Prometheus/2.51.1","request_id":"LAPTOP-TN2607IT/oTPdxJDPE8-000397","status":200,"bytes":1502,"duration":"508µs"}
{"time":"2024-06-08T00:05:00.0761727+05:00","level":"INFO","msg":"request completed","component":"middleware/logger","method":"GET","path":"/url/metrics","remote_addr":"[::1]:58002","user_agent":"Prometheus/2.51.1","request_id":"LAPTOP-TN2607IT/oTPdxJDPE8-000398","status":200,"bytes":1501,"duration":"506.2µs"}
{"time":"2024-06-08T00:05:05.0886938+05:00","level":"INFO","msg":"request completed","component":"middleware/logger","method":"GET","path":"/url/metrics","remote_addr":"[::1]:58002","user_agent":"Prometheus/2.51.1","request_id":"LAPTOP-TN2607IT/oTPdxJDPE8-000399","status":200,"bytes":1499,"duration":"0s"}
{"time":"2024-06-08T00:05:10.0882714+05:00","level":"INFO","msg":"request completed","component":"middleware/logger","method":"GET","path":"/url/metrics","remote_addr":"[::1]:58002","user_agent":"Prometheus/2.51.1","request_id":"LAPTOP-TN2607IT/oTPdxJDPE8-000400","status":200,"bytes":1502,"duration":"508.5µs"}
{"time":"2024-06-08T00:05:15.0795316+05:00","level":"INFO","msg":"request completed","component":"middleware/logger","method":"GET","path":"/url/metrics","remote_addr":"[::1]:58002","user_agent":"Prometheus/2.51.1","request_id":"LAPTOP-TN2607IT/oTPdxJDPE8-000401","status":200,"bytes":1497,"duration":"601.7µs"}
{"time":"2024-06-08T00:05:20.0778856+05:00","level":"INFO","msg":"request completed","component":"middleware/logger","method":"GET","path":"/url/metrics","remote_addr":"[::1]:58002","user_agent":"Prometheus/2.51.1","request_id":"LAPTOP-TN2607IT/oTPdxJDPE8-000402","status":200,"bytes":1504,"duration":"508.4µs"}
{"time":"2024-06-08T00:05:25.0829998+05:00","level":"INFO","msg":"request completed","component":"middleware/logger","method":"GET","path":"/url/metrics","remote_addr":"[::1]:58002","user_agent":"Prometheus/2.51.1","request_id":"LAPTOP-TN2607IT/oTPdxJDPE8-000403","status":200,"bytes":1505,"duration":"283.2µs"}
{"time":"2024-06-08T00:05:30.0868818+05:00","level":"INFO","msg":"request completed","component":"middleware/logger","method":"GET","path":"/url/metrics","remote_addr":"[::1]:58002","user_agent":"Prometheus/2.51.1","request_id":"LAPTOP-TN2607IT/oTPdxJDPE8-000404","status":200,"bytes":1499,"duration":"510.3µs"}
{"time":"2024-06-08T00:05:35.0781779+05:00","level":"INFO","msg":"request completed","component":"middleware/logger","method":"GET","path":"/url/metrics","remote_addr":"[::1]:58002","user_agent":"Prometheus/2.51.1","request_id":"LAPTOP-TN2607IT/oTPdxJDPE8-000405","status":200,"bytes":1497,"duration":"0s"}
{"time":"2024-06-08T00:05:40.0841439+05:00","level":"INFO","msg":"request completed","component":"middleware/logger","method":"GET","path":"/url/metrics","remote_addr":"[::1]:58002","user_agent":"Prometheus/2.51.1","request_id":"LAPTOP-TN2607IT/oTPdxJDPE8-000406","status":200,"bytes":1501,"duration":"506.1µs"}
{"time":"2024-06-08T00:05:45.0762835+05:00","level":"INFO","msg":"request completed","component":"middleware/logger","method":"GET","path":"/url/metrics","remote_addr":"[::1]:58002","user_agent":"Prometheus/2.51.1","request_id":"LAPTOP-TN2607IT/oTPdxJDPE8-000407","status":200,"bytes":1499,"duration":"505.3µs"}
{"time":"2024-06-08T00:05:50.0777344+05:00","level":"INFO","msg":"request completed","component":"middleware/logger","method":"GET","path":"/url/metrics","remote_addr":"[::1]:58002","user_agent":"Prometheus/2.51.1","request_id":"LAPTOP-TN2607IT/oTPdxJDPE8-000408","status":200,"bytes":1495,"duration":"512.6µs"}
{"time":"2024-06-08T00:05:55.0901432+05:00","level":"INFO","msg":"request completed","component":"middleware/logger","method":"GET","path":"/url/metrics","remote_addr":"[::1]:58002","user_agent":"Prometheus/2.51.1","request_id":"LAPTOP-TN2607IT/oTPdxJDPE8-000409","status":200,"bytes":1496,"duration":"590.6µs"}
{"time":"2024-06-08T00:06:00.0846948+05:00","level":"INFO","msg":"request completed","component":"middleware/logger","method":"GET","path":"/url/metrics","remote_addr":"[::1]:58002","user_agent":"Prometheus/2.51.1","request_id":"LAPTOP-TN2607IT/oTPdxJDPE8-000410","status":200,"bytes":1498,"duration":"506µs"}
{"time":"2024-06-08T00:06:05.0843893+05:00","level":"INFO","msg":"request completed","component":"middleware/logger","method":"GET","path":"/url/metrics","remote_addr":"[::1]:58002","user_agent":"Prometheus/2.51.1","request_id":"LAPTOP-TN2607IT/oTPdxJDPE8-000411","status":200,"bytes":1498,"duration":"503.3µs"}
{"time":"2024-06-08T00:06:10.0907846+05:00","level":"INFO","msg":"request completed","component":"middleware/logger","method":"GET","path":"/url/metrics","remote_addr":"[::1]:58002","user_agent":"Prometheus/2.51.1","request_id":"LAPTOP-TN2607IT/oTPdxJDPE8-000412","status":200,"bytes":1498,"duration":"773.5µs"}
{"time":"2024-06-08T00:06:15.0824391+05:00","level":"INFO","msg":"request completed","component":"middleware/logger","method":"GET","path":"/url/metrics","remote_addr":"[::1]:58002","user_agent":"Prometheus/2.51.1","request_id":"LAPTOP-TN2607IT/oTPdxJDPE8-000413","status":200,"bytes":1495,"duration":"507.8µs"}
{"time":"2024-06-08T00:06:20.0811269+05:00","level":"INFO","msg":"request completed","component":"middleware/logger","method":"GET","path":"/url/metrics","remote_addr":"[::1]:58002","user_agent":"Prometheus/2.51.1","request_id":"LAPTOP-TN2607IT/oTPdxJDPE8-000414","status":200,"bytes":1498,"duration":"637.6µs"}
{"time":"2024-06-08T00:06:25.0779974+05:00","level":"INFO","msg":"request completed","component":"middleware/logger","method":"GET","path":"/url/metrics","remote_addr":"[::1]:58002","user_agent":"Prometheus/2.51.1","request_id":"LAPTOP-TN2607IT/oTPdxJDPE8-000415","status":200,"bytes":1497,"duration":"508.4µs"}
{"time":"2024-06-08T00:06:30.0773265+05:00","level":"INFO","msg":"request completed","component":"middleware/logger","method":"GET","path":"/url/metrics","remote_addr":"[::1]:58002","user_agent":"Prometheus/2.51.1","request_id":"LAPTOP-TN2607IT/oTPdxJDPE8-000416","status":200,"bytes":1501,"duration":"508.5µs"}
{"time":"2024-06-08T00:06:35.0936892+05:00","level":"INFO","msg":"request completed","component":"middleware/logger","method":"GET","path":"/url/metrics","remote_addr":"[::1]:58002","user_agent":"Prometheus/2.51.1","request_id":"LAPTOP-TN2607IT/oTPdxJDPE8-000417","status":200,"bytes":1501,"duration":"505µs"}
{"time":"2024-06-08T00:06:40.0754481+05:00","level":"INFO","msg":"request completed","component":"middleware/logger","method":"GET","path":"/url/metrics","remote_addr":"[::1]:58002","user_agent":"Prometheus/2.51.1","request_id":"LAPTOP-TN2607IT/oTPdxJDPE8-000418","status":200,"bytes":1500,"duration":"537µs"}
{"time":"2024-06-08T00:06:45.0843448+05:00","level":"INFO","msg":"request completed","component":"middleware/logger","method":"GET","path":"/url/metrics","remote_addr":"[::1]:58002","user_agent":"Prometheus/2.51.1","request_id":"LAPTOP-TN2607IT/oTPdxJDPE8-000419","status":200,"bytes":1503,"duration":"1.0843ms"}
{"time":"2024-06-08T00:06:50.0853791+05:00","level":"INFO","msg":"request completed","component":"middleware/logger","method":"GET","path":"/url/metrics","remote_addr":"[::1]:58002","user_agent":"Prometheus/2.51.1","request_id":"LAPTOP-TN2607IT/oTPdxJDPE8-000420","status":200,"bytes":1495,"duration":"507.4µs"}
{"time":"2024-06-08T00:06:55.0805839+05:00","level":"INFO","msg":"request completed","component":"middleware/logger","method":"GET","path":"/url/metrics","remote_addr":"[::1]:58002","user_agent":"Prometheus/2.51.1","request_id":"LAPTOP-TN2607IT/oTPdxJDPE8-000421","status":200,"bytes":1499,"duration":"536.5µs"}
{"time":"2024-06-08T00:07:00.0880356+05:00","level":"INFO","msg":"request completed","component":"middleware/logger","method":"GET","path":"/url/metrics","remote_addr":"[::1]:58002","user_agent":"Prometheus/2.51.1","request_id":"LAPTOP-TN2607IT/oTPdxJDPE8-000422","status":200,"bytes":1497,"duration":"555.9µs"}
{"time":"2024-06-08T00:07:05.083591+05:00","level":"INFO","msg":"request completed","component":"middleware/logger","method":"GET","path":"/url/metrics","remote_addr":"[::1]:58002","user_agent":"Prometheus/2.51.1","request_id":"LAPTOP-TN2607IT/oTPdxJDPE8-000423","status":200,"bytes":1501,"duration":"506.6µs"}
{"time":"2024-06-08T00:07:10.0866927+05:00","level":"INFO","msg":"request completed","component":"middleware/logger","method":"GET","path":"/url/metrics","remote_addr":"[::1]:58002","user_agent":"Prometheus/2.51.1","request_id":"LAPTOP-TN2607IT/oTPdxJDPE8-000424","status":200,"bytes":1499,"duration":"519.5µs"}
{"time":"2024-06-08T00:07:15.0811787+05:00","level":"INFO","msg":"request completed","component":"middleware/logger","method":"GET","path":"/url/metrics","remote_addr":"[::1]:58002","user_agent":"Prometheus/2.51.1","request_id":"LAPTOP-TN2607IT/oTPdxJDPE8-000425","status":200,"bytes":1496,"duration":"510.5µs"}
{"time":"2024-06-08T00:07:20.0876278+05:00","level":"INFO","msg":"request completed","component":"middleware/logger","method":"GET","path":"/url/metrics","remote_addr":"[::1]:58002","user_agent":"Prometheus/2.51.1","request_id":"LAPTOP-TN2607IT/oTPdxJDPE8-000426","status":200,"bytes":1499,"duration":"510.2µs"}
{"time":"2024-06-08T00:07:25.0754124+05:00","level":"INFO","msg":"request completed","component":"middleware/logger","method":"GET","path":"/url/metrics","remote_addr":"[::1]:58002","user_agent":"Prometheus/2.51.1","request_id":"LAPTOP-TN2607IT/oTPdxJDPE8-000427","status":200,"bytes":1501,"duration":"507.8µs"}
{"time":"2024-06-08T00:07:30.0807229+05:00","level":"INFO","msg":"request completed","component":"middleware/logger","method":"GET","path":"/url/metrics","remote_addr":"[::1]:58002","user_agent":"Prometheus/2.51.1","request_id":"LAPTOP-TN2607IT/oTPdxJDPE8-000428","status":200,"bytes":1499,"duration":"511.8µs"}
{"time":"2024-06-08T00:07:35.0813098+05:00","level":"INFO","msg":"request completed","component":"middleware/logger","method":"GET","path":"/url/metrics","remote_addr":"[::1]:58002","user_agent":"Prometheus/2.51.1","request_id":"LAPTOP-TN2607IT/oTPdxJDPE8-000429","status":200,"bytes":1498,"duration":"60µs"}
{"time":"2024-06-08T00:07:40.080804+05:00","level":"INFO","msg":"request completed","component":"middleware/logger","method":"GET","path":"/url/metrics","remote_addr":"[::1]:58002","user_agent":"Prometheus/2.51.1","request_id":"LAPTOP-TN2607IT/oTPdxJDPE8-000430","status":200,"bytes":1496,"duration":"698.2µs"}
{"time":"2024-06-08T00:07:45.0896793+05:00","level":"INFO","msg":"request completed","component":"middleware/logger","method":"GET","path":"/url/metrics","remote_addr":"[::1]:58002","user_agent":"Prometheus/2.51.1","request_id":"LAPTOP-TN2607IT/oTPdxJDPE8-000431","status":200,"bytes":1500,"duration":"1.1373ms"}
{"time":"2024-06-08T00:07:50.0886026+05:00","level":"INFO","msg":"request completed","component":"middleware/logger","method":"GET","path":"/url/metrics","remote_addr":"[::1]:58002","user_agent":"Prometheus/2.51.1","request_id":"LAPTOP-TN2607IT/oTPdxJDPE8-000432","status":200,"bytes":1497,"duration":"1.0324ms"}
{"time":"2024-06-08T00:07:55.0789578+05:00","level":"INFO","msg":"request completed","component":"middleware/logger","method":"GET","path":"/url/metrics","remote_addr":"[::1]:58002","user_agent":"Prometheus/2.51.1","request_id":"LAPTOP-TN2607IT/oTPdxJDPE8-000433","status":200,"bytes":1497,"duration":"506.5µs"}
{"time":"2024-06-08T00:08:00.0903685+05:00","level":"INFO","msg":"request completed","component":"middleware/logger","method":"GET","path":"/url/metrics","remote_addr":"[::1]:58002","user_agent":"Prometheus/2.51.1","request_id":"LAPTOP-TN2607IT/oTPdxJDPE8-000434","status":200,"bytes":1499,"duration":"789.1µs"}
{"time":"2024-06-08T00:08:05.080758+05:00","level":"INFO","msg":"request completed","component":"middleware/logger","method":"GET","path":"/url/metrics","remote_addr":"[::1]:58002","user_agent":"Prometheus/2.51.1","request_id":"LAPTOP-TN2607IT/oTPdxJDPE8-000435","status":200,"bytes":1501,"duration":"555.1µs"}
{"time":"2024-06-08T00:08:10.0844958+05:00","level":"INFO","msg":"request completed","component":"middleware/logger","method":"GET","path":"/url/metrics","remote_addr":"[::1]:58002","user_agent":"Prometheus/2.51.1","request_id":"LAPTOP-TN2607IT/oTPdxJDPE8-000436","status":200,"bytes":1501,"duration":"508.5µs"}
{"time":"2024-06-08T00:08:15.0844305+05:00","level":"INFO","msg":"request completed","component":"middleware/logger","method":"GET","path":"/url/metrics","remote_addr":"[::1]:58002","user_agent":"Prometheus/2.51.1","request_id":"LAPTOP-TN2607IT/oTPdxJDPE8-000437","status":200,"bytes":1502,"duration":"538.3µs"}
{"time":"2024-06-08T00:08:20.0885684+05:00","level":"INFO","msg":"request completed","component":"middleware/logger","method":"GET","path":"/url/metrics","remote_addr":"[::1]:58002","user_agent":"Prometheus/2.51.1","request_id":"LAPTOP-TN2607IT/oTPdxJDPE8-000438","status":200,"bytes":1501,"duration":"1.0593ms"}
{"time":"2024-06-08T00:08:25.0794034+05:00","level":"INFO","msg":"request completed","component":"middleware/logger","method":"GET","path":"/url/metrics","remote_addr":"[::1]:58002","user_agent":"Prometheus/2.51.1","request_id":"LAPTOP-TN2607IT/oTPdxJDPE8-000439","status":200,"bytes":1502,"duration":"0s"}
{"time":"2024-06-08T00:08:30.077347+05:00","level":"INFO","msg":"request completed","component":"middleware/logger","method":"GET","path":"/url/metrics","remote_addr":"[::1]:58002","user_agent":"Prometheus/2.51.1","request_id":"LAPTOP-TN2607IT/oTPdxJDPE8-000440","status":200,"bytes":1497,"duration":"508.1µs"}
{"time":"2024-06-08T00:08:35.0830375+05:00","level":"INFO","msg":"request completed","component":"middleware/logger","method":"GET","path":"/url/metrics","remote_addr":"[::1]:58002","user_agent":"Prometheus/2.51.1","request_id":"LAPTOP-TN2607IT/oTPdxJDPE8-000441","status":200,"bytes":1498,"duration":"506.7µs"}
{"time":"2024-06-08T00:08:40.0775867+05:00","level":"INFO","msg":"request completed","component":"middleware/logger","method":"GET","path":"/url/metrics","remote_addr":"[::1]:58002","user_agent":"Prometheus/2.51.1","request_id":"LAPTOP-TN2607IT/oTPdxJDPE8-000442","status":200,"bytes":1505,"duration":"509.3µs"}
{"time":"2024-06-08T00:08:45.0907772+05:00","level":"INFO","msg":"request completed","component":"middleware/logger","method":"GET","path":"/url/metrics","remote_addr":"[::1]:58002","user_agent":"Prometheus/2.51.1","request_id":"LAPTOP-TN2607IT/oTPdxJDPE8-000443","status":200,"bytes":1504,"duration":"506.3µs"}
{"time":"2024-06-08T00:08:50.0870524+05:00","level":"INFO","msg":"request completed","component":"middleware/logger","method":"GET","path":"/url/metrics","remote_addr":"[::1]:58002","user_agent":"Prometheus/2.51.1","request_id":"LAPTOP-TN2607IT/oTPdxJDPE8-000444","status":200,"bytes":1500,"duration":"519.7µs"}
{"time":"2024-06-08T00:08:55.0772071+05:00","level":"INFO","msg":"request completed","component":"middleware/logger","method":"GET","path":"/url/metrics","remote_addr":"[::1]:58002","user_agent":"Prometheus/2.51.1","request_id":"LAPTOP-TN2607IT/oTPdxJDPE8-000445","status":200,"bytes":1501,"duration":"849.3µs"}
{"time":"2024-06-08T00:09:00.085514+05:00","level":"INFO","msg":"request completed","component":"middleware/logger","method":"GET","path":"/url/metrics","remote_addr":"[::1]:58002","user_agent":"Prometheus/2.51.1","request_id":"LAPTOP-TN2607IT/oTPdxJDPE8-000446","status":200,"bytes":1501,"duration":"0s"}
{"time":"2024-06-08T00:09:05.079083+05:00","level":"INFO","msg":"request completed","component":"middleware/logger","method":"GET","path":"/url/metrics","remote_addr":"[::1]:58002","user_agent":"Prometheus/2.51.1","request_id":"LAPTOP-TN2607IT/oTPdxJDPE8-000447","status":200,"bytes":1501,"duration":"504.9µs"}
{"time":"2024-06-08T00:09:10.0811388+05:00","level":"INFO","msg":"request completed","component":"middleware/logger","method":"GET","path":"/url/metrics","remote_addr":"[::1]:58002","user_agent":"Prometheus/2.51.1","request_id":"LAPTOP-TN2607IT/oTPdxJDPE8-000448","status":200,"bytes":1504,"duration":"751.3µs"}
{"time":"2024-06-08T00:09:11.020667+05:00","level":"INFO","msg":"stopping server"}
{"time":"2024-06-08T00:09:11.0211904+05:00","level":"ERROR","msg":"failed to start server"}
{"time":"2024-06-08T00:09:11.0217152+05:00","level":"INFO","msg":"server stopped"}
{"time": "2026-01-11T12:31:28.454738+05:30", "level": "INFO", "msg": "starting url-shortener", "env": "prod", "version": "123"}
{"time": "2026-01-11T12:31:28.454923+05:30", "level": "INFO", "msg": "server started", "env": "prod", "version": "123"}
{"time": "2026-01-11T12:31:28.454981+05:30", "level": "WARNING", "msg": "low memory warning", "env": "prod", "version": "123"}
{"time": "2026-01-11T12:31:28.455020+05:30", "level": "ERROR", "msg": "something went wrong", "env": "prod", "version": "123"}
{"time": "2026-01-11T12:31:28.455061+05:30", "level": "WARNING", "msg": "failed login attempt", "env": "prod", "version": "123", "ip": "192.168.1.45", "user": "admin", "service": "ssh"}
{"time": "2026-01-11T12:31:28.455101+05:30", "level": "WARNING", "msg": "failed login attempt", "env": "prod", "version": "123", "ip": "192.168.1.45", "user": "admin", "service": "ssh"}
{"time": "2026-01-11T12:31:28.455138+05:30", "level": "WARNING", "msg": "failed login attempt", "env": "prod", "version": "123", "ip": "192.168.1.45", "user": "admin", "service": "ssh"}
{"time": "2026-03-03T12:28:26.473037+05:30", "level": "INFO", "msg": "starting url-shortener", "env": "prod", "version": "123"}
{"time": "2026-03-03T12:28:26.474318+05:30", "level": "INFO", "msg": "server started", "env": "prod", "version": "123"}
{"time": "2026-03-03T12:28:26.474473+05:30", "level": "WARNING", "msg": "low memory warning", "env": "prod", "version": "123"}
{"time": "2026-03-03T12:28:26.474537+05:30", "level": "ERROR", "msg": "something went wrong", "env": "prod", "version": "123"}
{"time": "2026-03-03T12:28:26.474595+05:30", "level": "WARNING", "msg": "failed login attempt", "env": "prod", "version": "123", "ip": "192.168.1.45", "user": "admin", "service": "ssh"}
{"time": "2026-03-03T12:28:26.474651+05:30", "level": "WARNING", "msg": "failed login attempt", "env": "prod", "version": "123", "ip": "192.168.1.45", "user": "admin", "service": "ssh"}
{"time": "2026-03-03T12:28:26.474699+05:30", "level": "WARNING", "msg": "failed login attempt", "env": "prod", "version": "123", "ip": "192.168.1.45", "user": "admin", "service": "ssh"}
{"time": "2026-03-03T23:14:00+05:30", "level": "INFO", "msg": "login successful", "env": "prod", "version": "123", "ip": "192.168.1.45", "user": "admin", "service": "ssh"}
{"time": "2026-03-03T02:33:00+05:30", "level": "INFO", "msg": "login successful", "env": "prod", "version": "123", "ip": "10.0.0.22", "user": "root", "service": "ssh"}
{"time": "2026-03-03T04:51:00+05:30", "level": "INFO", "msg": "login successful", "env": "prod", "version": "123", "ip": "203.0.113.5", "user": "admin", "service": "ssh"}
{"time": "2026-03-03T12:28:26.478560+05:30", "level": "WARNING", "msg": "failed login attempt", "env": "prod", "version": "123", "ip": "45.33.32.156", "user": "admin", "service": "ssh"}
{"time": "2026-03-03T12:28:26.478647+05:30", "level": "WARNING", "msg": "failed login attempt", "env": "prod", "version": "123", "ip": "45.33.32.156", "user": "root", "service": "ssh"}
{"time": "2026-03-03T12:28:26.478700+05:30", "level": "WARNING", "msg": "failed login attempt", "env": "prod", "version": "123", "ip": "45.33.32.156", "user": "administrator", "service": "ssh"}
{"time": "2026-03-03T12:28:26.478757+05:30", "level": "WARNING", "msg": "failed login attempt", "env": "prod", "version": "123", "ip": "45.33.32.156", "user": "user", "service": "ssh"}
{"time": "2026-03-03T12:28:26.478810+05:30", "level": "WARNING", "msg": "failed login attempt", "env": "prod", "version": "123", "ip": "45.33.32.156", "user": "test", "service": "ssh"}
{"time": "2026-03-03T12:28:26.478943+05:30", "level": "WARNING", "msg": "failed login attempt", "env": "prod", "version": "123", "ip": "45.33.32.156", "user": "guest", "service": "ssh"}
{"time": "2026-03-03T12:28:26.479003+05:30", "level": "WARNING", "msg": "failed login attempt", "env": "prod", "version": "123", "ip": "45.33.32.156", "user": "operator", "service": "ssh"}
